cyanrip 0.9.4-rc2+platterpus.11 (platterpus-fork-gddc1e8c)
Invoked as:     /usr/local/bin/cyanrip -d /dev/sr0 -s 667 -l 1 -N -A -U -o pcm -H -W -u cyanrip-rig/round-16 -D ./runA/hdcd-nodeemph -F {track} -L hdcd-nodeemph -M hdcd-nodeemph
Handshake:      round 16 lap 1 OPEN, verdict OPEN -- NOT a released build
Consumer:       cyanrip-rig/round-16
                (reported by the caller, not verified by cyanrip)
Drive used:     PIONEER  BD-RW   BDR-209D (revision 1.51)
System device:  /dev/sr0
Device model:   PIONEER  BD-RW   BDR-209D 1.51 SCSI CD-ROM
Offset:         +667 samples
Overread:       +2 frames
Overread mode:  fill with silence in lead-in/lead-out
Speed:          default (unchangeable)
C2 errors:      unsupported by drive
CD-TEXT:        none reported by libcdio (absent, or unreadable by this driver)
Encoder:        libavformat 62.12.102, libavcodec 62.28.102 (8.1.2)
Paranoia level: max
Frame retries:  10
Cache model:    1200 sectors (drive cache size not probed)
HDCD decoding:  enabled
Album Art:      none
Outputs:        pcm
Disc tracks:    14
Tracks to rip:  1
DiscID:         pNtImOkdBm9RMBIalzx0w9cfsYY-
CDDB ID:        E20DFE0E
Album:          Unknown disc (PNTI)
AccurateRip:    disabled
Total time:     59:42.57

--- output before this log was opened ---
Checking /dev/sr0 for cdrom...
		CDROM sensed: PIONEER  BD-RW   BDR-209D 1.51 SCSI CD-ROM


Opening drive...
--- end of pre-log output ---
Gaps:
    160 frame pregap in track 2, merging into track 1
    158 frame pregap in track 4, merging into track 3
    115 frame pregap in track 5, merging into track 4
    105 frame pregap in track 7, merging into track 6
    85 frame pregap in track 8, merging into track 7
    94 frame pregap in track 9, merging into track 8
    147 frame pregap in track 10, merging into track 9
    90 frame pregap in track 13, merging into track 12
    117 frame pregap in track 14, merging into track 13

Tracks:
Track 1 ripped and encoded successfully!
Summary:

  Integrated loudness:
    I:         -13.9 LUFS
    Threshold: -24.3 LUFS

  Loudness range:
    LRA:         6.5 LU
    Threshold: -34.3 LUFS
    LRA low:   -18.3 LUFS
    LRA high:  -11.7 LUFS

  Sample peak:
    Peak:       -0.5 dBFS

  True peak:
    Peak:        0.3 dBFS

  HDCD detected: no
  Preemphasis:   none detected

  Properties:
    Duration:    03:13.12
    Samples:     8518356
    Frames:      14487
    Sample peak level: 94.3% (-0.5 dBFS)
    True peak level:   0.3 dBFS
    Integrated loudness (R128): -13.9 LUFS
    Loudness range (R128):      6.5 LU (-18.3 to -11.7 LUFS)
    Extraction speed:  0.2x
    Elapsed:            815.21 s
    Pregap LSN:  0 (duration: 00:02.00)
    Pregap length: 150 frames
    Pregap source: lead-in
    Start LSN:   0 (with offset: 1)
    End LSN:     14486 (with offset: 14488)

  EAC CRC32:     B0D122E7
  Secure re-read:  not attempted
  Accurip:       disabled
    Accurip v1:  5D3C90CB
    Accurip v2:  22B9924D
    Accurip 450: 57722DDE

  Metadata:
    track:                         1
    tracktotal:                    14
    musicbrainz_discid:            pNtImOkdBm9RMBIalzx0w9cfsYY-
    cddb:                          E20DFE0E
    media:                         HDCD
    comment:                       cyanrip 0.9.4-rc2+platterpus.11
    album:                         Unknown disc (PNTI)
    title:                         Unknown track
    creation_time:                 2026-09-11T16:52:20-04:00
    REPLAYGAIN_TRACK_GAIN:         -4.10 dB
    R128_TRACK_GAIN:               229
    REPLAYGAIN_TRACK_RANGE:        6.54 dB
    REPLAYGAIN_TRACK_PEAK:         1.029445
    REPLAYGAIN_REFERENCE_LOUDNESS: -18.00 LUFS

  Paranoia status counts:
    READ:          1250
    VERIFY:        85
    OVERLAP:       17
    CACHEERR:      1

  File(s):
    ./runA/hdcd-nodeemph/01.pcm

Album Loudness Summary:

  Integrated loudness:
    I:         -13.9 LUFS
    Threshold: -24.3 LUFS

  Loudness range:
    LRA:         6.5 LU
    Threshold: -34.3 LUFS
    LRA low:   -18.3 LUFS
    LRA high:  -11.7 LUFS

  Sample peak:
    Peak:       -0.5 dBFS

  True peak:
    Peak:        0.3 dBFS

Album integrated loudness (R128): -13.9 LUFS
Album loudness range (R128):      6.5 LU (-18.3 to -11.7 LUFS)
Album sample peak level:          -0.5 dBFS
Album true peak level:            0.3 dBFS
Paranoia status counts:
  READ:          1250
  VERIFY:        85
  OVERLAP:       17
  CACHEERR:      1

Ripping errors: 0
Read stalls:    none (no read exceeded 10s)
Rip completed:  yes (1 of 14 tracks)
Ripping finished at 2026-09-11T17:05:55-04:00
Log FUN512: qK0.QN8FnE2XWHMPC6oDHB4lGkR8YEA0chMADAQ13wTp7NVm5MHAHLkG8VmrWPwP0oliAneWAy67YKiPG2pG2A
