Platterpus rip log in EAC's layout, not produced by Exact Audio Copy
  Rendered from a rip by cyanrip 0.9.4-rc2+platterpus.19.
  Ripper build: platterpus-fork-g174a134 — the Platterpus fork of cyanrip. Pre-gap, sample-peak and per-track timing rows below come from fork-only output.
  Generated by Platterpus 0.6.65 (build 0981c69).
  FLAC encoder: flac 1.5.0, metaflac 1.5.0.
  This is NOT a genuine EAC log, carries no EAC log checksum, and must
  not be presented as an EAC rip. It mirrors EAC's layout — section
  order, row wording and column alignment — so the two can be compared
  directly. Rows the ripper does not report say so instead of guessing.

Extraction logfile from 4. October 2026, 19:13 (UTC-04:00)

Various Artists / after cancel 20261004t160255 platterpus-fork-g174a134

Used drive  : PIONEER  BD-RW   BDR-209D 1.51 SCSI CD-ROM

Read mode               : Secure
Utilize accurate stream : (not reported by the ripper)
Defeat audio cache      : Yes  (measured for this drive with cd-paranoia -A, not asserted from the ripper's log)
Make use of C2 pointers : No

Read offset correction                      : 667
Overread into Lead-In and Lead-Out          : No
Fill up missing offset samples with silence : Yes
Delete leading and trailing silent blocks   : No
Null samples used in CRC calculations       : Yes
Used interface                              : Native Linux SCSI/MMC (libcdio-paranoia)
Gap handling                                : Appended to previous track

Used output format              : FLAC
Selected bitrate                : (n/a — lossless)
Quality                         : (n/a — lossless)
Add ID3 tag                     : No
Command line compressor         : (none — cyanrip encodes in-process via libavcodec)
Additional command line options : (none — no external compressor is invoked)


TOC of the extracted CD  (partial — 2 of 18 disc tracks were selected for this rip)

     Track |   Start  |  Length  | Start sector | End sector 
    ---------------------------------------------------------
        1  |  0:00.00 |  2:53.60 |         0    |    13034   
        2  |  2:53.60 |  3:06.37 |     13035    |    27021   


Track  1

     Filename Various Artists/after cancel 20261004t160255 platterpus-fork-g174a134/01 - Tennessee Mountain Fox Chase.flac

     Pre-gap length  0:00:02.00

     Peak level 97.7 %
     Extraction speed 1.1 X
     Extraction time 0:02:33
     Track quality (not reported by the ripper)
     Copy CRC A0E382F5
     Accurately ripped (confidence 29)  [0E80A467]  (AR v2)
     Copy OK

Track  2

     Filename Various Artists/after cancel 20261004t160255 platterpus-fork-g174a134/02 - Banjo Picking Girl.flac

     Pre-gap length  0:00:02.40

     Peak level 95.0 %
     Extraction speed 1.1 X
     Extraction time 0:02:43
     Track quality (not reported by the ripper)
     Copy CRC ABC106DC
     Accurately ripped (confidence 29)  [F383C874]  (AR v2)
     Copy OK


 2 track(s) accurately ripped

All ripped tracks accurately ripped — this log covers 2 of 18 disc tracks

No errors occurred

Ripper's own completion record : yes

End of status report

==== This log was generated by Platterpus and is NOT signed by Exact Audio Copy ====
==== Platterpus log checksum (SHA-256 of the text above; NOT an EAC checksum): b516ef859a3361679075dd98e3f8afc261d09b9b920ed9553616f6829c6caeb3 ====
