Platterpus rip log in EAC's layout, not produced by Exact Audio Copy
  Rendered from a rip by cyanrip 0.9.4-rc2+platterpus.19.
  Ripper build: platterpus-fork-g174a134 — the Platterpus fork of cyanrip. Pre-gap, sample-peak and per-track timing rows below come from fork-only output.
  Generated by Platterpus 0.6.65 (build 0981c69).
  FLAC encoder: flac 1.5.0, metaflac 1.5.0.
  This is NOT a genuine EAC log, carries no EAC log checksum, and must
  not be presented as an EAC rip. It mirrors EAC's layout — section
  order, row wording and column alignment — so the two can be compared
  directly. Rows the ripper does not report say so instead of guessing.

*** RIP STOPPED (cancelled) — every one of the 18 disc track(s) is present below, so the extraction itself is complete. Whatever runs AFTER extraction may not have: see the status report. ***

Extraction logfile from 4. October 2026, 15:06 (UTC-04:00)

Platterpus Acceptance / full acceptance: angle<bracket 20261004t160255 platterpus-fork-g174a134

Used drive  : PIONEER  BD-RW   BDR-209D 1.51 SCSI CD-ROM

Read mode               : Secure
Utilize accurate stream : (not reported by the ripper)
Defeat audio cache      : Yes  (measured for this drive with cd-paranoia -A, not asserted from the ripper's log)
Make use of C2 pointers : No

Read offset correction                      : 667
Overread into Lead-In and Lead-Out          : No
Fill up missing offset samples with silence : Yes
Delete leading and trailing silent blocks   : No
Null samples used in CRC calculations       : Yes
Used interface                              : Native Linux SCSI/MMC (libcdio-paranoia)
Gap handling                                : Appended to previous track

Used output format              : FLAC
Selected bitrate                : (n/a — lossless)
Quality                         : (n/a — lossless)
Add ID3 tag                     : No
Command line compressor         : (none — cyanrip encodes in-process via libavcodec)
Additional command line options : (none — no external compressor is invoked)


TOC of the extracted CD

     Track |   Start  |  Length  | Start sector | End sector 
    ---------------------------------------------------------
        1  |  0:00.00 |  2:53.60 |         0    |    13034   
        2  |  2:53.60 |  3:06.37 |     13035    |    27021   
        3  |  6:00.22 |  3:25.58 |     27022    |    42454   
        4  |  9:26.05 |  2:15.25 |     42455    |    52604   
        5  | 11:41.30 |  4:04.50 |     52605    |    70954   
        6  | 15:46.05 |  3:18.10 |     70955    |    85814   
        7  | 19:04.15 |  2:50.00 |     85815    |    98564   
        8  | 21:54.15 |  2:17.25 |     98565    |   108864   
        9  | 24:11.40 |  3:15.35 |    108865    |   123524   
       10  | 27:27.00 |  2:34.72 |    123525    |   135146   
       11  | 30:01.72 |  3:08.13 |    135147    |   149259   
       12  | 33:10.10 |  1:38.20 |    149260    |   156629   
       13  | 34:48.30 |  2:57.05 |    156630    |   169909   
       14  | 37:45.35 |  6:17.45 |    169910    |   198229   
       15  | 44:03.05 |  3:42.47 |    198230    |   214926   
       16  | 47:45.52 |  2:46.48 |    214927    |   227424   
       17  | 50:32.25 |  3:20.37 |    227425    |   242461   
       18  | 53:52.62 |  4:27.38 |    242462    |   262524   


Track  1

     Filename Platterpus Acceptance/full acceptance∶ angle‹bracket 20261004t160255 platterpus-fork-g174a134/01 - Tennessee Mountain Fox Chase.flac

     Pre-gap length  0:00:02.00

     Peak level 97.7 %
     Extraction speed 1.1 X
     Extraction time 0:02:33
     Track quality (not reported by the ripper)
     Copy CRC A0E382F5
     Accurately ripped (confidence 29)  [0E80A467]  (AR v2)
     Copy OK

Track  2

     Filename Platterpus Acceptance/full acceptance∶ angle‹bracket 20261004t160255 platterpus-fork-g174a134/02 - Banjo Picking Girl.flac

     Pre-gap length  0:00:02.40

     Peak level 95.0 %
     Extraction speed 1.1 X
     Extraction time 0:02:43
     Track quality (not reported by the ripper)
     Copy CRC ABC106DC
     Accurately ripped (confidence 29)  [F383C874]  (AR v2)
     Copy OK

Track  3

     Filename Platterpus Acceptance/full acceptance∶ angle‹bracket 20261004t160255 platterpus-fork-g174a134/03 - Old Corn Liquor.flac

     Pre-gap length  0:00:02.53

     Peak level 90.6 %
     Extraction speed 1.2 X
     Extraction time 0:02:57
     Track quality (not reported by the ripper)
     Copy CRC 1389CBEE
     Accurately ripped (confidence 29)  [181EA470]  (AR v2)
     Copy OK

Track  4

     Filename Platterpus Acceptance/full acceptance∶ angle‹bracket 20261004t160255 platterpus-fork-g174a134/04 - Rain and Snow.flac

     Pre-gap length  0:00:02.46

     Peak level 97.7 %
     Extraction speed 1.2 X
     Extraction time 0:01:55
     Track quality (not reported by the ripper)
     Copy CRC 24FE4A40
     Accurately ripped (confidence 29)  [D4F7193B]  (AR v2)
     Copy OK

Track  5

     Filename Platterpus Acceptance/full acceptance∶ angle‹bracket 20261004t160255 platterpus-fork-g174a134/05 - The Orphan Child.flac

     Pre-gap length  0:00:02.40

     Peak level 97.7 %
     Extraction speed 1.2 X
     Extraction time 0:03:28
     Track quality (not reported by the ripper)
     Copy CRC 8F45D726
     Accurately ripped (confidence 29)  [DD6CF2E3]  (AR v2)
     Copy OK

Track  6

     Filename Platterpus Acceptance/full acceptance∶ angle‹bracket 20261004t160255 platterpus-fork-g174a134/06 - Working on a Building.flac

     Pre-gap length  0:00:01.20

     Peak level 97.7 %
     Extraction speed 1.2 X
     Extraction time 0:02:47
     Track quality (not reported by the ripper)
     Copy CRC E288567D
     Accurately ripped (confidence 29)  [07520D28]  (AR v2)
     Copy OK

Track  7

     Filename Platterpus Acceptance/full acceptance∶ angle‹bracket 20261004t160255 platterpus-fork-g174a134/07 - You Better Mind.flac

     Peak level 97.7 %
     Extraction speed 1.2 X
     Extraction time 0:02:23
     Track quality (not reported by the ripper)
     Copy CRC 61C7DB00
     Accurately ripped (confidence 29)  [61D04911]  (AR v2)
     Copy OK

Track  8

     Filename Platterpus Acceptance/full acceptance∶ angle‹bracket 20261004t160255 platterpus-fork-g174a134/08 - Dry Bones.flac

     Pre-gap length  0:00:02.20

     Peak level 55.4 %
     Extraction speed 1.2 X
     Extraction time 0:01:54
     Track quality (not reported by the ripper)
     Copy CRC 5F45E1CA
     Accurately ripped (confidence 29)  [CC2D266D]  (AR v2)
     Copy OK

Track  9

     Filename Platterpus Acceptance/full acceptance∶ angle‹bracket 20261004t160255 platterpus-fork-g174a134/09 - Did You Hear John Hurt？.flac

     Pre-gap length  0:00:02.10

     Peak level 74.1 %
     Extraction speed 1.2 X
     Extraction time 0:02:43
     Track quality (not reported by the ripper)
     Copy CRC 2C99746D
     Accurately ripped (confidence 28)  [D498DC33]  (AR v2)
     Copy OK

Track 10

     Filename Platterpus Acceptance/full acceptance∶ angle‹bracket 20261004t160255 platterpus-fork-g174a134/10 - One‐Dime Blues.flac

     Pre-gap length  0:00:01.93

     Peak level 71.8 %
     Extraction speed 1.2 X
     Extraction time 0:02:08
     Track quality (not reported by the ripper)
     Copy CRC C8871689
     Accurately ripped (confidence 29)  [C6614049]  (AR v2)
     Copy OK

Track 11

     Filename Platterpus Acceptance/full acceptance∶ angle‹bracket 20261004t160255 platterpus-fork-g174a134/11 - All the Way From East St. Louis.flac

     Pre-gap length  0:00:02.53

     Peak level 80.7 %
     Extraction speed 1.2 X
     Extraction time 0:02:38
     Track quality (not reported by the ripper)
     Copy CRC 10248071
     Accurately ripped (confidence 29)  [F90C8B07]  (AR v2)
     Copy OK

Track 12

     Filename Platterpus Acceptance/full acceptance∶ angle‹bracket 20261004t160255 platterpus-fork-g174a134/12 - Juke Medley.flac

     Pre-gap length  0:00:01.40

     Peak level 97.4 %
     Extraction speed 1.0 X
     Extraction time 0:01:38
     Track quality (not reported by the ripper)
     Copy CRC DB1D3463
     Only one frame matched AccurateRip (confidence 28); whole-track checksums not found  [E360656C]  (AR frame 450)
     Copy OK

Track 13

     Filename Platterpus Acceptance/full acceptance∶ angle‹bracket 20261004t160255 platterpus-fork-g174a134/13 - Black’s Ball.flac

     Pre-gap length  0:00:01.90

     Peak level 97.7 %
     Extraction speed 1.1 X
     Extraction time 0:02:37
     Track quality (not reported by the ripper)
     Copy CRC 2C73891E
     Only one frame matched AccurateRip (confidence 29); whole-track checksums not found  [82AB8C94]  (AR frame 450)
     Copy OK

Track 14

     Filename Platterpus Acceptance/full acceptance∶ angle‹bracket 20261004t160255 platterpus-fork-g174a134/14 - Just a Little While to Stay Here.flac

     Peak level 97.7 %
     Extraction speed 1.2 X
     Extraction time 0:05:24
     Track quality (not reported by the ripper)
     Copy CRC C49A31B8
     Only one frame matched AccurateRip (confidence 29); whole-track checksums not found  [5719821C]  (AR frame 450)
     Copy OK

Track 15

     Filename Platterpus Acceptance/full acceptance∶ angle‹bracket 20261004t160255 platterpus-fork-g174a134/15 - Iko, Iko.flac

     Pre-gap length  0:00:01.45

     Peak level 97.7 %
     Extraction speed 1.0 X
     Extraction time 0:03:35
     Track quality (not reported by the ripper)
     Copy CRC 87C12BDD
     Only one frame matched AccurateRip (confidence 29); whole-track checksums not found  [3D0BD8AD]  (AR frame 450)
     Copy OK

Track 16

     Filename Platterpus Acceptance/full acceptance∶ angle‹bracket 20261004t160255 platterpus-fork-g174a134/16 - Mai Kai No Kauai.flac

     Pre-gap length  0:00:02.69

     Peak level 82.3 %
     Extraction speed 1.2 X
     Extraction time 0:02:17
     Track quality (not reported by the ripper)
     Copy CRC 0B225E6A
     Accurately ripped (confidence 29)  [01B34686]  (AR v2)
     Copy OK

Track 17

     Filename Platterpus Acceptance/full acceptance∶ angle‹bracket 20261004t160255 platterpus-fork-g174a134/17 - Texas Cowboy.flac

     Pre-gap length  0:00:01.86

     Peak level 97.7 %
     Extraction speed 1.2 X
     Extraction time 0:02:47
     Track quality (not reported by the ripper)
     Copy CRC 1ADD8B39
     Only one frame matched AccurateRip (confidence 29); whole-track checksums not found  [6F607D10]  (AR frame 450)
     Copy OK

Track 18

     Filename Platterpus Acceptance/full acceptance∶ angle‹bracket 20261004t160255 platterpus-fork-g174a134/18 - Streets of Laredo.flac

     Pre-gap length  0:00:02.49

     Peak level 85.5 %
     Extraction speed 0.0 X
     Extraction time 2:16:01
     Track quality (not reported by the ripper)
     Copy CRC 0AC0374D
     Only one frame matched AccurateRip (confidence 28); whole-track checksums not found  [57033EE7]  (AR frame 450)
     Copy OK


12 track(s) accurately ripped
 6 track(s) matched AccurateRip on one frame only

Some tracks could not be verified as accurate

No errors occurred

Ripper's own completion record : yes

Appended silence    : track(s) 18 (2 frame(s)) end in silence the ripper appended to fill the offset-shifted edge — those final frames are not disc audio (the ripper reports the append; it does not report a cause)
Secure re-read      : the securing pass was INTERRUPTED (you cancelled the rip) before it finished — any track it had not yet re-read carries only its first read

End of status report

==== This log was generated by Platterpus and is NOT signed by Exact Audio Copy ====
==== Platterpus log checksum (SHA-256 of the text above; NOT an EAC checksum): 66b9d5d1fb6a46d7fff7d3f06cdc3d4d43fa08366af71d70ba64f2fefc36f857 ====
