Exact Audio Copy-compatible log generated by Platterpus
  Rendered from a rip by cyanrip 0.9.4-rc2+platterpus.10.
  Ripper build: platterpus-fork-gd9c058c — the Platterpus fork of cyanrip. Pre-gap, sample-peak and per-track timing rows below come from fork-only output.
  Generated by Platterpus 0.6.25 (build 5f374aa).
  FLAC encoder: flac 1.5.0, metaflac 1.5.0.
  Derived-format encoder: ffmpeg 8.1.2.
  This is NOT a genuine EAC log, carries no EAC log checksum, and must
  not be presented as an EAC rip. It mirrors EAC's layout — section
  order, row wording and column alignment — so the two can be compared
  directly. Rows the ripper does not report say so instead of guessing.

Extraction logfile from 25. August 2026, 00:15

The Police / derived wav platterpus-fork-gd9c058c

Used drive  : PIONEER  BD-RW   BDR-209D 1.51 SCSI CD-ROM

Read mode               : Secure
Utilize accurate stream : (not reported by the ripper)
Defeat audio cache      : Yes  (measured for this drive with cd-paranoia -A, not asserted from the ripper's log)
Make use of C2 pointers : No

Read offset correction                      : 667
Overread into Lead-In and Lead-Out          : No
Fill up missing offset samples with silence : Yes
Delete leading and trailing silent blocks   : No
Null samples used in CRC calculations       : Yes
Used interface                              : Native Linux SCSI/MMC (libcdio-paranoia)
Gap handling                                : Appended to previous track

Used output format              : FLAC
Selected bitrate                : (n/a — lossless)
Quality                         : (n/a — lossless)
Add ID3 tag                     : No
Command line compressor         : (none — cyanrip encodes in-process via libavcodec)
Additional command line options : (none — no external compressor is invoked)


TOC of the extracted CD  (partial — 2 of 14 disc tracks were selected for this rip)

     Track |   Start  |  Length  | Start sector | End sector 
    ---------------------------------------------------------
        1  |  0:00.00 |  3:13.12 |         0    |    14486   
        2  |  3:13.12 |  3:01.05 |     14487    |    28066   


Track  1

     Filename The Police/derived wav platterpus-fork-gd9c058c/01 - Roxanne.flac

     Pre-gap length  0:00:02.00

     Peak level 94.3 %
     Extraction speed 0.9 X
     Extraction time 0:03:36
     Track quality (not reported by the ripper)
     Copy CRC B0D122E7
     Accurately ripped (confidence 200)  [22B9924D]  (AR v2)
     Copy OK

Track  2

     Filename The Police/derived wav platterpus-fork-gd9c058c/02 - Can’t Stand Losing You.flac

     Pre-gap length  0:00:02.13

     Peak level 94.3 %
     Extraction speed 0.9 X
     Extraction time 0:03:13
     Track quality (not reported by the ripper)
     Copy CRC 985AAE32
     Accurately ripped (confidence 200)  [31C28378]  (AR v2)
     Copy OK


 2 track(s) accurately ripped

All ripped tracks accurately ripped — this log covers 2 of 14 disc tracks

No errors occurred

End of status report

==== This log was generated by Platterpus and is NOT signed by Exact Audio Copy ====
==== Platterpus log checksum (SHA-256 of the text above; NOT an EAC checksum): 6c512d62ed2c258381eadc364ac0b6e2102d9179be4befdf86b9ccf2d871b8f4 ====
