Exact Audio Copy-compatible log generated by Platterpus
  Rendered from a rip by cyanrip 0.9.4-rc2+platterpus.11.
  Ripper build: platterpus-fork-g978f9b0 — the Platterpus fork of cyanrip. Pre-gap, sample-peak and per-track timing rows below come from fork-only output.
  Generated by Platterpus 0.6.34 (build dba2ab2).
  FLAC encoder: flac 1.5.0, metaflac 1.5.0.
  This is NOT a genuine EAC log, carries no EAC log checksum, and must
  not be presented as an EAC rip. It mirrors EAC's layout — section
  order, row wording and column alignment — so the two can be compared
  directly. Rows the ripper does not report say so instead of guessing.

*** INCOMPLETE RIP (cancelled) — this log covers 0 of 14 disc tracks. The remaining 14 track(s) were never extracted and are absent below. ***

Platterpus Acceptance / cancel me 20260903t110812 platterpus-fork-g978f9b0

Used drive  : PIONEER  BD-RW   BDR-209D 1.51 SCSI CD-ROM

Read mode               : Secure
Utilize accurate stream : (not reported by the ripper)
Defeat audio cache      : Yes  (measured for this drive with cd-paranoia -A, not asserted from the ripper's log)
Make use of C2 pointers : No

Read offset correction                      : 667
Overread into Lead-In and Lead-Out          : No
Fill up missing offset samples with silence : Yes
Delete leading and trailing silent blocks   : No
Null samples used in CRC calculations       : Yes
Used interface                              : Native Linux SCSI/MMC (libcdio-paranoia)
Gap handling                                : Appended to previous track

Used output format              : FLAC
Selected bitrate                : (n/a — lossless)
Quality                         : (n/a — lossless)
Add ID3 tag                     : No
Command line compressor         : (none — cyanrip encodes in-process via libavcodec)
Additional command line options : (none — no external compressor is invoked)



Conclusive status report : absent — this log carries no end-of-rip summary (no AccurateRip total, no health line)

End of status report

==== This log was generated by Platterpus and is NOT signed by Exact Audio Copy ====
==== Platterpus log checksum (SHA-256 of the text above; NOT an EAC checksum): 840e2709e2a94370cf18c93684b0f8a7002392862b8480c94b466e090c3bd24c ====
