Exact Audio Copy-compatible log generated by Platterpus
  Rendered from a rip by cyanrip 0.9.4-rc2+platterpus.11.
  Ripper build: platterpus-fork-g978f9b0 — the Platterpus fork of cyanrip. Pre-gap, sample-peak and per-track timing rows below come from fork-only output.
  Generated by Platterpus 0.6.34 (build dba2ab2).
  FLAC encoder: flac 1.5.0, metaflac 1.5.0.
  This is NOT a genuine EAC log, carries no EAC log checksum, and must
  not be presented as an EAC rip. It mirrors EAC's layout — section
  order, row wording and column alignment — so the two can be compared
  directly. Rows the ripper does not report say so instead of guessing.

Extraction logfile from 3. September 2026, 09:38

Platterpus Acceptance / full acceptance: angle<bracket 20260903t110812 platterpus-fork-g978f9b0

Used drive  : PIONEER  BD-RW   BDR-209D 1.51 SCSI CD-ROM

Read mode               : Secure
Utilize accurate stream : (not reported by the ripper)
Defeat audio cache      : Yes  (measured for this drive with cd-paranoia -A, not asserted from the ripper's log)
Make use of C2 pointers : No

Read offset correction                      : 667
Overread into Lead-In and Lead-Out          : No
Fill up missing offset samples with silence : Yes
Delete leading and trailing silent blocks   : No
Null samples used in CRC calculations       : Yes
Used interface                              : Native Linux SCSI/MMC (libcdio-paranoia)
Gap handling                                : Appended to previous track

Used output format              : FLAC
Selected bitrate                : (n/a — lossless)
Quality                         : (n/a — lossless)
Add ID3 tag                     : No
Command line compressor         : (none — cyanrip encodes in-process via libavcodec)
Additional command line options : (none — no external compressor is invoked)


TOC of the extracted CD

     Track |   Start  |  Length  | Start sector | End sector 
    ---------------------------------------------------------
        1  |  0:00.00 |  3:13.12 |         0    |    14486   
        2  |  3:13.12 |  3:01.05 |     14487    |    28066   
        3  |  6:14.17 |  4:51.28 |     28067    |    49919   
        4  | 11:05.45 |  5:02.00 |     49920    |    72569   
        5  | 16:07.45 |  4:00.72 |     72570    |    90641   
        6  | 20:08.42 |  4:07.08 |     90642    |   109174   
        7  | 24:15.50 |  4:21.07 |    109175    |   128756   
        8  | 28:36.57 |  3:45.30 |    128757    |   145661   
        9  | 32:22.12 |  3:01.00 |    145662    |   159236   
       10  | 35:23.12 |  4:14.45 |    159237    |   178331   
       11  | 39:37.57 |  5:00.30 |    178332    |   200861   
       12  | 44:38.12 |  5:15.23 |    200862    |   224509   
       13  | 49:53.35 |  4:53.42 |    224510    |   246526   
       14  | 54:47.02 |  4:55.55 |    246527    |   268706   


Track  1

     Filename Platterpus Acceptance/full acceptance∶ angle‹bracket 20260903t110812 platterpus-fork-g978f9b0/01 - Roxanne.flac

     Pre-gap length  0:00:02.00

     Peak level 94.3 %
     Extraction speed 0.4 X
     Extraction time 0:08:28
     Track quality (not reported by the ripper)
     Test CRC B0D122E7
     Copy CRC B0D122E7  (Test and Copy CRC identical — confirmed across 3 secure re-reads)
     Accurately ripped (confidence 200)  [22B9924D]  (AR v2)
     Copy OK

Track  2

     Filename Platterpus Acceptance/full acceptance∶ angle‹bracket 20260903t110812 platterpus-fork-g978f9b0/02 - Can’t Stand Losing You.flac

     Pre-gap length  0:00:02.13

     Peak level 94.3 %
     Extraction speed 0.4 X
     Extraction time 0:07:50
     Track quality (not reported by the ripper)
     Test CRC 985AAE32
     Copy CRC 985AAE32  (Test and Copy CRC identical — confirmed across 3 secure re-reads)
     Accurately ripped (confidence 200)  [31C28378]  (AR v2)
     Copy OK

Track  3

     Filename Platterpus Acceptance/full acceptance∶ angle‹bracket 20260903t110812 platterpus-fork-g978f9b0/03 - Message in a Bottle.flac

     Peak level 97.6 %
     Extraction speed 0.4 X
     Extraction time 0:12:29
     Track quality (not reported by the ripper)
     Copy CRC 418F6CF8  (re-reads did NOT agree — this read is not confirmed reproducible)
     Matched an offset-variant pressing — partially accurate (confidence 200)  [BF62B1DA]  (AR +450)
     Copy OK

Track  4

     Filename Platterpus Acceptance/full acceptance∶ angle‹bracket 20260903t110812 platterpus-fork-g978f9b0/04 - Walking on the Moon.flac

     Pre-gap length  0:00:02.10

     Peak level 98.9 %
     Extraction speed 0.4 X
     Extraction time 0:12:47
     Track quality (not reported by the ripper)
     Test CRC 60D796AE
     Copy CRC 60D796AE  (Test and Copy CRC identical — confirmed across 3 secure re-reads)
     Accurately ripped (confidence 200)  [BB959D84]  (AR v2)
     Copy OK

Track  5

     Filename Platterpus Acceptance/full acceptance∶ angle‹bracket 20260903t110812 platterpus-fork-g978f9b0/05 - Don’t Stand So Close to Me.flac

     Pre-gap length  0:00:01.53

     Peak level 94.3 %
     Extraction speed 0.4 X
     Extraction time 0:10:09
     Track quality (not reported by the ripper)
     Copy CRC E0036697  (re-reads did NOT agree — this read is not confirmed reproducible)
     Matched an offset-variant pressing — partially accurate (confidence 200)  [4CCBCF89]  (AR +450)
     Copy OK

Track  6

     Filename Platterpus Acceptance/full acceptance∶ angle‹bracket 20260903t110812 platterpus-fork-g978f9b0/06 - De Do Do Do, De Da Da Da.flac

     Peak level 97.6 %
     Extraction speed 0.4 X
     Extraction time 0:10:20
     Track quality (not reported by the ripper)
     Test CRC B32769D6
     Copy CRC B32769D6  (Test and Copy CRC identical — confirmed across 3 secure re-reads)
     Accurately ripped (confidence 200)  [34DA67DB]  (AR v2)
     Copy OK

Track  7

     Filename Platterpus Acceptance/full acceptance∶ angle‹bracket 20260903t110812 platterpus-fork-g978f9b0/07 - Every Little Thing She Does Is Magic.flac

     Pre-gap length  0:00:01.40

     Peak level 98.9 %
     Extraction speed 0.4 X
     Extraction time 0:10:51
     Track quality (not reported by the ripper)
     Test CRC CCBFF669
     Copy CRC CCBFF669  (Test and Copy CRC identical — confirmed across 3 secure re-reads)
     Accurately ripped (confidence 200)  [154797B6]  (AR v2)
     Copy OK

Track  8

     Filename Platterpus Acceptance/full acceptance∶ angle‹bracket 20260903t110812 platterpus-fork-g978f9b0/08 - Invisible Sun.flac

     Pre-gap length  0:00:01.13

     Peak level 98.9 %
     Extraction speed 0.4 X
     Extraction time 0:09:21
     Track quality (not reported by the ripper)
     Test CRC D723C1B0
     Copy CRC D723C1B0  (Test and Copy CRC identical — confirmed across 3 secure re-reads)
     Accurately ripped (confidence 200)  [1BF9F320]  (AR v2)
     Copy OK

Track  9

     Filename Platterpus Acceptance/full acceptance∶ angle‹bracket 20260903t110812 platterpus-fork-g978f9b0/09 - Spirits in the Material World.flac

     Pre-gap length  0:00:01.25

     Peak level 98.9 %
     Extraction speed 0.4 X
     Extraction time 0:07:29
     Track quality (not reported by the ripper)
     Test CRC 6F6E4A5F
     Copy CRC 6F6E4A5F  (Test and Copy CRC identical — confirmed across 3 secure re-reads)
     Accurately ripped (confidence 200)  [2916AB38]  (AR v2)
     Copy OK

Track 10

     Filename Platterpus Acceptance/full acceptance∶ angle‹bracket 20260903t110812 platterpus-fork-g978f9b0/10 - Every Breath You Take.flac

     Pre-gap length  0:00:01.96

     Peak level 98.9 %
     Extraction speed 0.4 X
     Extraction time 0:10:29
     Track quality (not reported by the ripper)
     Test CRC 3A33519F
     Copy CRC 3A33519F  (Test and Copy CRC identical — confirmed across 3 secure re-reads)
     Accurately ripped (confidence 200)  [0A992ABA]  (AR v2)
     Copy OK

Track 11

     Filename Platterpus Acceptance/full acceptance∶ angle‹bracket 20260903t110812 platterpus-fork-g978f9b0/11 - King of Pain.flac

     Peak level 98.9 %
     Extraction speed 0.4 X
     Extraction time 0:12:20
     Track quality (not reported by the ripper)
     Test CRC 56BFC63D
     Copy CRC 56BFC63D  (Test and Copy CRC identical — confirmed across 3 secure re-reads)
     Accurately ripped (confidence 200)  [CC3B6091]  (AR v2)
     Copy OK

Track 12

     Filename Platterpus Acceptance/full acceptance∶ angle‹bracket 20260903t110812 platterpus-fork-g978f9b0/12 - Wrapped Around Your Finger.flac

     Peak level 98.9 %
     Extraction speed 0.4 X
     Extraction time 0:12:55
     Track quality (not reported by the ripper)
     Test CRC D78CEAEF
     Copy CRC D78CEAEF  (Test and Copy CRC identical — confirmed across 3 secure re-reads)
     Accurately ripped (confidence 200)  [FDA33730]  (AR v2)
     Copy OK

Track 13

     Filename Platterpus Acceptance/full acceptance∶ angle‹bracket 20260903t110812 platterpus-fork-g978f9b0/13 - Don’t Stand So Close to Me ’86.flac

     Pre-gap length  0:00:01.20

     Peak level 98.9 %
     Extraction speed 0.4 X
     Extraction time 0:11:59
     Track quality (not reported by the ripper)
     Test CRC DA6A4DAF
     Copy CRC DA6A4DAF  (Test and Copy CRC identical — confirmed across 3 secure re-reads)
     Accurately ripped (confidence 200)  [4FDBEAA8]  (AR v2)
     Copy OK

Track 14

     Filename Platterpus Acceptance/full acceptance∶ angle‹bracket 20260903t110812 platterpus-fork-g978f9b0/14 - Message in a Bottle (new classic rock mix).flac

     Pre-gap length  0:00:01.56

     Peak level 96.6 %
     Extraction speed 0.4 X
     Extraction time 0:12:03
     Track quality (not reported by the ripper)
     Test CRC 787BA2D6
     Copy CRC 787BA2D6  (Test and Copy CRC identical — confirmed across 3 secure re-reads)
     Accurately ripped (confidence 200)  [A5AB0AE9]  (AR v2)
     Copy OK


12 track(s) accurately ripped
 2 track(s) matched only an offset-variant pressing (partially accurate)

Some tracks could not be verified as accurate

No errors occurred

Read stability      : track(s) 3, 5 did not read identically across re-reads — not confirmed reproducible
Appended silence    : track(s) 14 (2 frame(s)) end in silence the ripper appended to fill the offset-shifted edge — those final frames are not disc audio (the ripper reports the append; it does not report a cause)

End of status report

==== This log was generated by Platterpus and is NOT signed by Exact Audio Copy ====
==== Platterpus log checksum (SHA-256 of the text above; NOT an EAC checksum): c2092a49a791929a5ba6c7e104d568e6867e4bda61d377a7b9e345e26bec9ef0 ====
