cyanrip 0.9.4-rc2+platterpus.11 (platterpus-fork-gddc1e8c)
Invoked as:     /usr/local/bin/cyanrip -d /dev/sr0 -s 667 -l 1,2 -N -A -U -o flac,pcm -Z 2 -u cyanrip-rig/round-16 -D ./runA/plain/{format} -F {track} -L plain -M plain -j ./runA/plain.json
Handshake:      round 16 lap 1 OPEN, verdict OPEN -- NOT a released build
Consumer:       cyanrip-rig/round-16
                (reported by the caller, not verified by cyanrip)
Drive used:     PIONEER  BD-RW   BDR-209D (revision 1.51)
System device:  /dev/sr0
Device model:   PIONEER  BD-RW   BDR-209D 1.51 SCSI CD-ROM
Offset:         +667 samples
Overread:       +2 frames
Overread mode:  fill with silence in lead-in/lead-out
Speed:          default (unchangeable)
C2 errors:      unsupported by drive
CD-TEXT:        none reported by libcdio (absent, or unreadable by this driver)
Encoder:        libavformat 62.12.102, libavcodec 62.28.102 (8.1.2)
Paranoia level: max
Frame retries:  10
Cache model:    1200 sectors (drive cache size not probed)
HDCD decoding:  disabled
Album Art:      none
Outputs:        flac, pcm
Disc tracks:    14
Tracks to rip:  1, 2
DiscID:         pNtImOkdBm9RMBIalzx0w9cfsYY-
CDDB ID:        E20DFE0E
Album:          Unknown disc (PNTI)
AccurateRip:    disabled
Total time:     59:42.57

--- output before this log was opened ---
Checking /dev/sr0 for cdrom...
		CDROM sensed: PIONEER  BD-RW   BDR-209D 1.51 SCSI CD-ROM


Opening drive...
--- end of pre-log output ---
Gaps:
    160 frame pregap in track 2, merging into track 1
    158 frame pregap in track 4, merging into track 3
    115 frame pregap in track 5, merging into track 4
    105 frame pregap in track 7, merging into track 6
    85 frame pregap in track 8, merging into track 7
    94 frame pregap in track 9, merging into track 8
    147 frame pregap in track 10, merging into track 9
    90 frame pregap in track 13, merging into track 12
    117 frame pregap in track 14, merging into track 13

Tracks:

Repeating ripping (0 out of 2 matches for current checksum 4F2EDD18)

Repeating ripping (1 out of 2 matches for current checksum 4F2EDD18)

Repeating ripping (0 out of 2 matches for current checksum F16E32E5)

Done; (2 out of 2 matches for current checksum 4F2EDD18)
Track 1 ripped and encoded successfully!
Summary:

  Integrated loudness:
    I:         -13.9 LUFS
    Threshold: -24.3 LUFS

  Loudness range:
    LRA:         6.6 LU
    Threshold: -34.3 LUFS
    LRA low:   -18.3 LUFS
    LRA high:  -11.7 LUFS

  Sample peak:
    Peak:       -0.5 dBFS

  True peak:
    Peak:        0.3 dBFS

  Preemphasis:   none detected

  Properties:
    Duration:    03:13.12
    Samples:     8518356
    Frames:      14487
    Sample peak level: 94.3% (-0.5 dBFS)
    True peak level:   0.3 dBFS
    Integrated loudness (R128): -13.9 LUFS
    Loudness range (R128):      6.6 LU (-18.3 to -11.7 LUFS)
    Extraction speed:  0.1x
    Elapsed:            1445.73 s
    Pregap LSN:  0 (duration: 00:02.00)
    Pregap length: 150 frames
    Pregap source: lead-in
    Start LSN:   0 (with offset: 1)
    End LSN:     14486 (with offset: 14488)

  EAC CRC32:     B0D122E7 (after 4 rips)
  Secure re-read:  converged after 4 reads
  Accurip:       disabled
    Accurip v1:  5D3C90CB
    Accurip v2:  22B9924D
    Accurip 450: 57722DDE

  Metadata:
    track:                         1
    tracktotal:                    14
    musicbrainz_discid:            pNtImOkdBm9RMBIalzx0w9cfsYY-
    cddb:                          E20DFE0E
    media:                         CD
    comment:                       cyanrip 0.9.4-rc2+platterpus.11
    album:                         Unknown disc (PNTI)
    title:                         Unknown track
    creation_time:                 2026-09-11T17:02:25-04:00
    REPLAYGAIN_TRACK_GAIN:         -4.10 dB
    R128_TRACK_GAIN:               230
    REPLAYGAIN_TRACK_RANGE:        6.62 dB
    REPLAYGAIN_TRACK_PEAK:         1.029445
    REPLAYGAIN_REFERENCE_LOUDNESS: -18.00 LUFS

  Paranoia status counts:
    Scope:         the last of 4 reads; the disc totals below sum all of them
    READ:          1202
    VERIFY:        308
    OVERLAP:       33

  File(s):
    ./runA/plain/FLAC/01.flac
    ./runA/plain/PCM/01.pcm


Repeating ripping (0 out of 2 matches for current checksum 67A551CD)

Repeating ripping (1 out of 2 matches for current checksum 67A551CD)

Done; (2 out of 2 matches for current checksum 67A551CD)
Track 2 ripped and encoded successfully!
Summary:

  Integrated loudness:
    I:         -13.1 LUFS
    Threshold: -23.3 LUFS

  Loudness range:
    LRA:         6.1 LU
    Threshold: -33.3 LUFS
    LRA low:   -17.2 LUFS
    LRA high:  -11.1 LUFS

  Sample peak:
    Peak:       -0.5 dBFS

  True peak:
    Peak:        0.1 dBFS

  Preemphasis:   none detected

  Properties:
    Duration:    03:01.05
    Samples:     7985040
    Frames:      13580
    Sample peak level: 94.3% (-0.5 dBFS)
    True peak level:   0.1 dBFS
    Integrated loudness (R128): -13.1 LUFS
    Loudness range (R128):      6.1 LU (-17.2 to -11.1 LUFS)
    Extraction speed:  0.3x
    Elapsed:            577.37 s
    Pregap LSN:  14327 (duration: 00:02.10)
    Pregap length: 160 frames
    Pregap source: sub-channel (not signalled by TOC)
    Start LSN:   14487 (with offset: 14488)
    End LSN:     28066 (with offset: 28068)

  EAC CRC32:     985AAE32 (after 3 rips)
  Secure re-read:  converged after 3 reads
  Accurip:       disabled
    Accurip v1:  A3019EB3
    Accurip v2:  31C28378
    Accurip 450: EA6A677C

  Metadata:
    track:                         2
    tracktotal:                    14
    musicbrainz_discid:            pNtImOkdBm9RMBIalzx0w9cfsYY-
    cddb:                          E20DFE0E
    media:                         CD
    comment:                       cyanrip 0.9.4-rc2+platterpus.11
    album:                         Unknown disc (PNTI)
    title:                         Unknown track
    creation_time:                 2026-09-11T17:26:31-04:00
    REPLAYGAIN_TRACK_GAIN:         -4.88 dB
    R128_TRACK_GAIN:               32
    REPLAYGAIN_TRACK_RANGE:        6.07 dB
    REPLAYGAIN_TRACK_PEAK:         1.008499
    REPLAYGAIN_REFERENCE_LOUDNESS: -18.00 LUFS

  Paranoia status counts:
    Scope:         the last of 3 reads; the disc totals below sum all of them
    READ:          1106
    VERIFY:        265
    OVERLAP:       30

  File(s):
    ./runA/plain/FLAC/02.flac
    ./runA/plain/PCM/02.pcm

Album Loudness Summary:

  Integrated loudness:
    I:         -13.5 LUFS
    Threshold: -23.8 LUFS

  Loudness range:
    LRA:         6.6 LU
    Threshold: -33.8 LUFS
    LRA low:   -17.8 LUFS
    LRA high:  -11.3 LUFS

  Sample peak:
    Peak:       -0.5 dBFS

  True peak:
    Peak:        0.3 dBFS

Album integrated loudness (R128): -13.5 LUFS
Album loudness range (R128):      6.6 LU (-17.8 to -11.3 LUFS)
Album sample peak level:          -0.5 dBFS
Album true peak level:            0.3 dBFS
Paranoia status counts:
  READ:          8173
  VERIFY:        1407
  FIXUP_ATOM:    30
  OVERLAP:       199

Ripping errors: 0
Read stalls:    none (no read exceeded 10s)
Rip completed:  yes (2 of 14 tracks)
Ripping finished at 2026-09-11T17:36:08-04:00
Log FUN512: U7uvKed0dl.1SDWQLh4Samb1Fi7XWQo4zFjuXxUinRaaAI_rvYTT7scecuCLNM2UJwc_APFT2E2plr6hVxMJPg
