Platterpus rip log in EAC's layout, not produced by Exact Audio Copy
  Rendered from a rip by cyanrip 0.9.4-rc2+platterpus.21.
  Ripper build: platterpus-fork-gca3f3ea — the Platterpus fork of cyanrip. Pre-gap, sample-peak and per-track timing rows below come from fork-only output.
  Generated by Platterpus 0.6.66 (build a0330d0).
  FLAC encoder: flac 1.5.0, metaflac 1.5.0.
  This is NOT a genuine EAC log, carries no EAC log checksum, and must
  not be presented as an EAC rip. It mirrors EAC's layout — section
  order, row wording and column alignment — so the two can be compared
  directly. Rows the ripper does not report say so instead of guessing.

*** INCOMPLETE RIP (cancelled) — this log covers 0 of 14 disc tracks. The rip was asked for 3 track(s): 1, 2, 3. Track 1 was being read when the rip stopped (the ripper records "Interrupted at: track 1, mid-read"), so it was only partly read: its file is incomplete, and it is absent below. The remaining 2 track(s) were never extracted and are absent below. ***

Extraction logfile from 7. October 2026, 01:12 (UTC-04:00)

Platterpus Acceptance / cancel me 20261007t033944 platterpus-fork-gca3f3ea

Used drive  : PIONEER  BD-RW   BDR-209D 1.51 SCSI CD-ROM

Read mode               : Secure
Utilize accurate stream : (not reported by the ripper)
Defeat audio cache      : Yes  (measured for this drive with cd-paranoia -A, not asserted from the ripper's log)
Make use of C2 pointers : No

Read offset correction                      : 667
Overread into Lead-In and Lead-Out          : No
Fill up missing offset samples with silence : Yes
Delete leading and trailing silent blocks   : No
Null samples used in CRC calculations       : Yes
Used interface                              : Native Linux SCSI/MMC (libcdio-paranoia)
Gap handling                                : Appended to previous track

Used output format              : FLAC
Selected bitrate                : (n/a — lossless)
Quality                         : (n/a — lossless)
Add ID3 tag                     : No
Command line compressor         : (none — cyanrip encodes in-process via libavcodec)
Additional command line options : (none — no external compressor is invoked)



1 ripping errors

Ripper's own completion record : no (interrupted by SIGTERM)
Interrupted at : track 1, mid-read

End of status report

==== This log was generated by Platterpus and is NOT signed by Exact Audio Copy ====
==== Platterpus log checksum (SHA-256 of the text above; NOT an EAC checksum): 860e923f409c2e884f67956103fdf2cc31a7bc38bad329060c4ed50f5ef04c2c ====
