cyanrip 0.9.4-rc1+platterpus.5-beta.4 (platterpus-fork-gf5e11ba)
Invoked as:     /usr/local/bin/cyanrip -d /dev/sr0 -s 667 -o flac -r 5 -N --consumer platterpus/0.6.4b7 -c 1/1 -a "album=Every Breath You Take∶ The Classics:album_artist=The Police:date=1995-09-12:catalognumber=31454 0380 2:label=A&M Records:musicbrainz_albumid=d14a7546-815b-43c6-8af6-35cff6cee1d0" -t "1=title=Roxanne:artist=The Police:isrc=GBAAM0201086" -t "2=title=Can’t Stand Losing You:artist=The Police:isrc=GBAAM0201089" -t "3=title=Message in a Bottle:artist=The Police:isrc=GBAAM0201170" -t "4=title=Walking on the Moon:artist=The Police:isrc=GBAAM0201175" -t "5=title=Don’t Stand So Close to Me:artist=The Police:isrc=GBAAM0201148" -t "6=title=De Do Do Do, De Da Da Da:artist=The Police:isrc=GBAAM0201154" -t "7=title=Every Little Thing She Does Is Magic:artist=The Police:isrc=GBAAM0201127" -t "8=title=Invisible Sun:artist=The Police:isrc=GBAAM0201128" -t "9=title=Spirits in the Material World:artist=The Police:isrc=GBAAM0201126" -t "10=title=Every Breath You Take:artist=The Police:isrc=GBAAM0201110" -t "11=title=King of Pain:artist=The Police:isrc=GBAAM0201111" -t "12=title=Wrapped Around Your Finger:artist=The Police:isrc=GBAAM0201112" -t "13=title=Don’t Stand So Close to Me ’86:artist=The Police:isrc=GBAAM0201252" -t "14=title=Message in a Bottle (new classic rock mix):artist=The Police:isrc=GBAAM0201253" -D {album_artist}/{album} -F "{track} - {title}"
Handshake:      round 7 lap 24 OPEN, verdict HOLD -- NOT a released build
Consumer:       platterpus/0.6.4b7
                (reported by the caller, not verified by cyanrip)
Drive used:     PIONEER  BD-RW   BDR-209D (revision 1.51)
System device:  /dev/sr0
Device model:   PIONEER  BD-RW   BDR-209D 1.51 SCSI CD-ROM
Offset:         +667 samples
Overread:       +2 frames
Overread mode:  fill with silence in lead-in/lead-out
Speed:          default (unchangeable)
C2 errors:      unsupported by drive
CD-TEXT:        none reported by libcdio (absent, or unreadable by this driver)
Encoder:        libavformat 62.12.102, libavcodec 62.28.102 (8.1.2)
Paranoia level: max
Frame retries:  5
Cache model:    1200 sectors (drive cache size not probed)
HDCD decoding:  disabled
Album Art:      none
Outputs:        flac
Disc number:    1
Total discs:    1
Disc tracks:    14
Tracks to rip:  all
DiscID:         pNtImOkdBm9RMBIalzx0w9cfsYY-
Release ID:     d14a7546-815b-43c6-8af6-35cff6cee1d0
CDDB ID:        E20DFE0E
Album:          Every Breath You Take∶ The Classics
Album artist:   The Police
AccurateRip:    found
Total time:     59:42.57

--- output before this log was opened ---
Checking /dev/sr0 for cdrom...
		CDROM sensed: PIONEER  BD-RW   BDR-209D 1.51 SCSI CD-ROM


Opening drive...
No MusicBrainz release ID at cover art lookup, cannot search Cover Art DB!
--- end of pre-log output ---
Gaps:
    160 frame pregap in track 2, merging into track 1
    158 frame pregap in track 4, merging into track 3
    115 frame pregap in track 5, merging into track 4
    105 frame pregap in track 7, merging into track 6
    85 frame pregap in track 8, merging into track 7
    94 frame pregap in track 9, merging into track 8
    147 frame pregap in track 10, merging into track 9
    90 frame pregap in track 13, merging into track 12
    117 frame pregap in track 14, merging into track 13

Tracks:
Track 1 ripped and encoded successfully!
Summary:

  Integrated loudness:
    I:         -13.9 LUFS
    Threshold: -24.3 LUFS

  Loudness range:
    LRA:         6.5 LU
    Threshold: -34.3 LUFS
    LRA low:   -18.3 LUFS
    LRA high:  -11.7 LUFS

  Sample peak:
    Peak:       -0.5 dBFS

  True peak:
    Peak:        0.3 dBFS

  Preemphasis:   none detected

  Properties:
    Duration:    03:13.12
    Samples:     8518356
    Frames:      14487
    Sample peak level: 94.3% (-0.5 dBFS)
    True peak level:   0.3 dBFS
    Integrated loudness (R128): -13.9 LUFS
    Loudness range (R128):      6.5 LU (-18.3 to -11.7 LUFS)
    Extraction speed:  0.9x
    Elapsed:            214.24 s
    Pregap LSN:  0 (duration: 00:02.00)
    Pregap length: 150 frames
    Pregap source: lead-in
    Start LSN:   0 (with offset: 1)
    End LSN:     14486 (with offset: 14488)

  EAC CRC32:     B0D122E7
  Secure re-read:  not attempted
  Accurip:       disc found in database (max confidence: 200)
    Accurip v1:  5D3C90CB (accurately ripped, confidence 129)
    Accurip v2:  22B9924D (accurately ripped, confidence 200)

  Metadata:
    track:                         1
    tracktotal:                    14
    musicbrainz_discid:            pNtImOkdBm9RMBIalzx0w9cfsYY-
    cddb:                          E20DFE0E
    media:                         CD
    comment:                       cyanrip 0.9.4-rc1+platterpus.5-beta.4
    totaldiscs:                    1
    title:                         Roxanne
    disc:                          1
    album:                         Every Breath You Take∶ The Classics
    album_artist:                  The Police
    date:                          1995-09-12
    catalognumber:                 31454 0380 2
    label:                         A&M Records
    musicbrainz_albumid:           d14a7546-815b-43c6-8af6-35cff6cee1d0
    artist:                        The Police
    isrc:                          GBAAM0201086
    creation_time:                 2026-08-04T23:19:40
    REPLAYGAIN_TRACK_GAIN:         -4.10 dB
    R128_TRACK_GAIN:               229
    REPLAYGAIN_TRACK_RANGE:        6.54 dB
    REPLAYGAIN_TRACK_PEAK:         1.029445
    REPLAYGAIN_REFERENCE_LOUDNESS: -18.00 LUFS

  Paranoia status counts:
    READ:          1250
    VERIFY:        85
    OVERLAP:       17

  File(s):
    The Police/Every Breath You Take∶ The Classics/01 - Roxanne.flac

Track 2 ripped and encoded successfully!
Summary:

  Integrated loudness:
    I:         -13.1 LUFS
    Threshold: -23.3 LUFS

  Loudness range:
    LRA:         6.1 LU
    Threshold: -33.3 LUFS
    LRA low:   -17.2 LUFS
    LRA high:  -11.1 LUFS

  Sample peak:
    Peak:       -0.5 dBFS

  True peak:
    Peak:        0.1 dBFS

  Preemphasis:   none detected

  Properties:
    Duration:    03:01.05
    Samples:     7985040
    Frames:      13580
    Sample peak level: 94.3% (-0.5 dBFS)
    True peak level:   0.1 dBFS
    Integrated loudness (R128): -13.1 LUFS
    Loudness range (R128):      6.1 LU (-17.2 to -11.1 LUFS)
    Extraction speed:  0.9x
    Elapsed:            192.32 s
    Pregap LSN:  14327 (duration: 00:02.10)
    Pregap length: 160 frames
    Pregap source: sub-channel (not signalled by TOC)
    Start LSN:   14487 (with offset: 14488)
    End LSN:     28066 (with offset: 28068)

  EAC CRC32:     985AAE32
  Secure re-read:  not attempted
  Accurip:       disc found in database (max confidence: 200)
    Accurip v1:  A3019EB3 (accurately ripped, confidence 131)
    Accurip v2:  31C28378 (accurately ripped, confidence 200)

  Metadata:
    track:                         2
    tracktotal:                    14
    musicbrainz_discid:            pNtImOkdBm9RMBIalzx0w9cfsYY-
    cddb:                          E20DFE0E
    media:                         CD
    comment:                       cyanrip 0.9.4-rc1+platterpus.5-beta.4
    totaldiscs:                    1
    title:                         Can’t Stand Losing You
    disc:                          1
    album:                         Every Breath You Take∶ The Classics
    album_artist:                  The Police
    date:                          1995-09-12
    catalognumber:                 31454 0380 2
    label:                         A&M Records
    musicbrainz_albumid:           d14a7546-815b-43c6-8af6-35cff6cee1d0
    artist:                        The Police
    isrc:                          GBAAM0201089
    creation_time:                 2026-08-04T23:23:15
    REPLAYGAIN_TRACK_GAIN:         -4.88 dB
    R128_TRACK_GAIN:               32
    REPLAYGAIN_TRACK_RANGE:        6.07 dB
    REPLAYGAIN_TRACK_PEAK:         1.008499
    REPLAYGAIN_REFERENCE_LOUDNESS: -18.00 LUFS

  Paranoia status counts:
    READ:          1105
    VERIFY:        71
    OVERLAP:       22

  File(s):
    The Police/Every Breath You Take∶ The Classics/02 - Can’t Stand Losing You.flac

Track 3 ripped and encoded successfully!
Summary:

  Integrated loudness:
    I:         -12.4 LUFS
    Threshold: -22.6 LUFS

  Loudness range:
    LRA:         6.5 LU
    Threshold: -32.6 LUFS
    LRA low:   -16.7 LUFS
    LRA high:  -10.2 LUFS

  Sample peak:
    Peak:       -0.2 dBFS

  True peak:
    Peak:        0.5 dBFS

  Preemphasis:   none detected

  Properties:
    Duration:    04:51.28
    Samples:     12849564
    Frames:      21853
    Sample peak level: 97.6% (-0.2 dBFS)
    True peak level:   0.5 dBFS
    Integrated loudness (R128): -12.4 LUFS
    Loudness range (R128):      6.5 LU (-16.7 to -10.2 LUFS)
    Extraction speed:  1.0x
    Elapsed:            303.25 s
    Pregap LSN:  28067 (duration: 00:00.00)
    Pregap length: 0 frames
    Pregap source: sub-channel (not signalled by TOC)
    Start LSN:   28067 (with offset: 28068)
    End LSN:     49919 (with offset: 49921)

  EAC CRC32:     552673C3
  Secure re-read:  not attempted
  Accurip:       disc found in database (max confidence: 200)
    Accurip v1:  DCA378E8 (not found, either a new pressing, or bad rip)
    Accurip v2:  36F6EA91 (not found, either a new pressing, or bad rip)
    Accurip 450: BF62B1DA (matches Accurip DB, confidence 200, track is partially accurately ripped)

  Metadata:
    track:                         3
    tracktotal:                    14
    musicbrainz_discid:            pNtImOkdBm9RMBIalzx0w9cfsYY-
    cddb:                          E20DFE0E
    media:                         CD
    comment:                       cyanrip 0.9.4-rc1+platterpus.5-beta.4
    totaldiscs:                    1
    title:                         Message in a Bottle
    disc:                          1
    album:                         Every Breath You Take∶ The Classics
    album_artist:                  The Police
    date:                          1995-09-12
    catalognumber:                 31454 0380 2
    label:                         A&M Records
    musicbrainz_albumid:           d14a7546-815b-43c6-8af6-35cff6cee1d0
    artist:                        The Police
    isrc:                          GBAAM0201170
    creation_time:                 2026-08-04T23:26:27
    REPLAYGAIN_TRACK_GAIN:         -5.62 dB
    R128_TRACK_GAIN:               -159
    REPLAYGAIN_TRACK_RANGE:        6.47 dB
    REPLAYGAIN_TRACK_PEAK:         1.058175
    REPLAYGAIN_REFERENCE_LOUDNESS: -18.00 LUFS

  Paranoia status counts:
    READ:          1777
    VERIFY:        128
    FIXUP_ATOM:    20
    OVERLAP:       37

  File(s):
    The Police/Every Breath You Take∶ The Classics/03 - Message in a Bottle.flac

Track 4 ripped and encoded successfully!
Summary:

  Integrated loudness:
    I:         -16.4 LUFS
    Threshold: -26.7 LUFS

  Loudness range:
    LRA:         5.9 LU
    Threshold: -36.7 LUFS
    LRA low:   -19.7 LUFS
    LRA high:  -13.8 LUFS

  Sample peak:
    Peak:       -0.1 dBFS

  True peak:
    Peak:        0.6 dBFS

  Preemphasis:   none detected

  Properties:
    Duration:    05:02.00
    Samples:     13318200
    Frames:      22650
    Sample peak level: 98.9% (-0.1 dBFS)
    True peak level:   0.6 dBFS
    Integrated loudness (R128): -16.4 LUFS
    Loudness range (R128):      5.9 LU (-19.7 to -13.8 LUFS)
    Extraction speed:  1.0x
    Elapsed:            307.70 s
    Pregap LSN:  49762 (duration: 00:02.08)
    Pregap length: 158 frames
    Pregap source: sub-channel (not signalled by TOC)
    Start LSN:   49920 (with offset: 49921)
    End LSN:     72569 (with offset: 72571)

  EAC CRC32:     60D796AE
  Secure re-read:  not attempted
  Accurip:       disc found in database (max confidence: 200)
    Accurip v1:  7B43209E (accurately ripped, confidence 128)
    Accurip v2:  BB959D84 (accurately ripped, confidence 200)

  Metadata:
    track:                         4
    tracktotal:                    14
    musicbrainz_discid:            pNtImOkdBm9RMBIalzx0w9cfsYY-
    cddb:                          E20DFE0E
    media:                         CD
    comment:                       cyanrip 0.9.4-rc1+platterpus.5-beta.4
    totaldiscs:                    1
    title:                         Walking on the Moon
    disc:                          1
    album:                         Every Breath You Take∶ The Classics
    album_artist:                  The Police
    date:                          1995-09-12
    catalognumber:                 31454 0380 2
    label:                         A&M Records
    musicbrainz_albumid:           d14a7546-815b-43c6-8af6-35cff6cee1d0
    artist:                        The Police
    isrc:                          GBAAM0201175
    creation_time:                 2026-08-04T23:31:30
    REPLAYGAIN_TRACK_GAIN:         -1.60 dB
    R128_TRACK_GAIN:               870
    REPLAYGAIN_TRACK_RANGE:        5.89 dB
    REPLAYGAIN_TRACK_PEAK:         1.072539
    REPLAYGAIN_REFERENCE_LOUDNESS: -18.00 LUFS

  Paranoia status counts:
    READ:          1873
    VERIFY:        161
    OVERLAP:       42

  File(s):
    The Police/Every Breath You Take∶ The Classics/04 - Walking on the Moon.flac

Track 5 ripped and encoded successfully!
Summary:

  Integrated loudness:
    I:         -14.6 LUFS
    Threshold: -25.4 LUFS

  Loudness range:
    LRA:        14.1 LU
    Threshold: -35.4 LUFS
    LRA low:   -27.0 LUFS
    LRA high:  -12.9 LUFS

  Sample peak:
    Peak:       -0.5 dBFS

  True peak:
    Peak:        0.8 dBFS

  Preemphasis:   none detected

  Properties:
    Duration:    04:00.72
    Samples:     10626336
    Frames:      18072
    Sample peak level: 94.3% (-0.5 dBFS)
    True peak level:   0.8 dBFS
    Integrated loudness (R128): -14.6 LUFS
    Loudness range (R128):      14.1 LU (-27.0 to -12.9 LUFS)
    Extraction speed:  1.0x
    Elapsed:            243.19 s
    Pregap LSN:  72455 (duration: 00:01.40)
    Pregap length: 115 frames
    Pregap source: sub-channel (not signalled by TOC)
    Start LSN:   72570 (with offset: 72571)
    End LSN:     90641 (with offset: 90643)

  EAC CRC32:     6902BCF0
  Secure re-read:  not attempted
  Accurip:       disc found in database (max confidence: 200)
    Accurip v1:  7CE3F6E7 (not found, either a new pressing, or bad rip)
    Accurip v2:  268CCD94 (not found, either a new pressing, or bad rip)
    Accurip 450: 4CCBCF89 (matches Accurip DB, confidence 200, track is partially accurately ripped)

  Metadata:
    track:                         5
    tracktotal:                    14
    musicbrainz_discid:            pNtImOkdBm9RMBIalzx0w9cfsYY-
    cddb:                          E20DFE0E
    media:                         CD
    comment:                       cyanrip 0.9.4-rc1+platterpus.5-beta.4
    totaldiscs:                    1
    title:                         Don’t Stand So Close to Me
    disc:                          1
    album:                         Every Breath You Take∶ The Classics
    album_artist:                  The Police
    date:                          1995-09-12
    catalognumber:                 31454 0380 2
    label:                         A&M Records
    musicbrainz_albumid:           d14a7546-815b-43c6-8af6-35cff6cee1d0
    artist:                        The Police
    isrc:                          GBAAM0201148
    creation_time:                 2026-08-04T23:36:38
    REPLAYGAIN_TRACK_GAIN:         -3.37 dB
    R128_TRACK_GAIN:               418
    REPLAYGAIN_TRACK_RANGE:        14.08 dB
    REPLAYGAIN_TRACK_PEAK:         1.097202
    REPLAYGAIN_REFERENCE_LOUDNESS: -18.00 LUFS

  Paranoia status counts:
    READ:          1537
    VERIFY:        102
    FIXUP_ATOM:    4
    OVERLAP:       34

  File(s):
    The Police/Every Breath You Take∶ The Classics/05 - Don’t Stand So Close to Me.flac

Track 6 ripped and encoded successfully!
Summary:

  Integrated loudness:
    I:         -14.0 LUFS
    Threshold: -24.1 LUFS

  Loudness range:
    LRA:         6.5 LU
    Threshold: -34.1 LUFS
    LRA low:   -18.5 LUFS
    LRA high:  -11.9 LUFS

  Sample peak:
    Peak:       -0.2 dBFS

  True peak:
    Peak:        0.8 dBFS

  Preemphasis:   none detected

  Properties:
    Duration:    04:07.08
    Samples:     10897404
    Frames:      18533
    Sample peak level: 97.6% (-0.2 dBFS)
    True peak level:   0.8 dBFS
    Integrated loudness (R128): -14.0 LUFS
    Loudness range (R128):      6.5 LU (-18.5 to -11.9 LUFS)
    Extraction speed:  1.0x
    Elapsed:            242.23 s
    Pregap LSN:  90642 (duration: 00:00.00)
    Pregap length: 0 frames
    Pregap source: sub-channel (not signalled by TOC)
    Start LSN:   90642 (with offset: 90643)
    End LSN:     109174 (with offset: 109176)

  EAC CRC32:     B32769D6
  Secure re-read:  not attempted
  Accurip:       disc found in database (max confidence: 200)
    Accurip v1:  92B4C7B4 (accurately ripped, confidence 129)
    Accurip v2:  34DA67DB (accurately ripped, confidence 200)

  Metadata:
    track:                         6
    tracktotal:                    14
    musicbrainz_discid:            pNtImOkdBm9RMBIalzx0w9cfsYY-
    cddb:                          E20DFE0E
    media:                         CD
    comment:                       cyanrip 0.9.4-rc1+platterpus.5-beta.4
    totaldiscs:                    1
    title:                         De Do Do Do, De Da Da Da
    disc:                          1
    album:                         Every Breath You Take∶ The Classics
    album_artist:                  The Police
    date:                          1995-09-12
    catalognumber:                 31454 0380 2
    label:                         A&M Records
    musicbrainz_albumid:           d14a7546-815b-43c6-8af6-35cff6cee1d0
    artist:                        The Police
    isrc:                          GBAAM0201154
    creation_time:                 2026-08-04T23:40:41
    REPLAYGAIN_TRACK_GAIN:         -3.99 dB
    R128_TRACK_GAIN:               259
    REPLAYGAIN_TRACK_RANGE:        6.52 dB
    REPLAYGAIN_TRACK_PEAK:         1.093319
    REPLAYGAIN_REFERENCE_LOUDNESS: -18.00 LUFS

  Paranoia status counts:
    READ:          1489
    VERIFY:        108
    OVERLAP:       30

  File(s):
    The Police/Every Breath You Take∶ The Classics/06 - De Do Do Do, De Da Da Da.flac

Track 7 ripped and encoded successfully!
Summary:

  Integrated loudness:
    I:         -14.0 LUFS
    Threshold: -24.4 LUFS

  Loudness range:
    LRA:         6.4 LU
    Threshold: -34.4 LUFS
    LRA low:   -18.4 LUFS
    LRA high:  -12.0 LUFS

  Sample peak:
    Peak:       -0.1 dBFS

  True peak:
    Peak:        0.3 dBFS

  Preemphasis:   none detected

  Properties:
    Duration:    04:21.07
    Samples:     11514216
    Frames:      19582
    Sample peak level: 98.9% (-0.1 dBFS)
    True peak level:   0.3 dBFS
    Integrated loudness (R128): -14.0 LUFS
    Loudness range (R128):      6.4 LU (-18.4 to -12.0 LUFS)
    Extraction speed:  1.0x
    Elapsed:            255.19 s
    Pregap LSN:  109070 (duration: 00:01.30)
    Pregap length: 105 frames
    Pregap source: sub-channel (not signalled by TOC)
    Start LSN:   109175 (with offset: 109176)
    End LSN:     128756 (with offset: 128758)

  EAC CRC32:     CCBFF669
  Secure re-read:  not attempted
  Accurip:       disc found in database (max confidence: 200)
    Accurip v1:  DE379389 (accurately ripped, confidence 127)
    Accurip v2:  154797B6 (accurately ripped, confidence 200)

  Metadata:
    track:                         7
    tracktotal:                    14
    musicbrainz_discid:            pNtImOkdBm9RMBIalzx0w9cfsYY-
    cddb:                          E20DFE0E
    media:                         CD
    comment:                       cyanrip 0.9.4-rc1+platterpus.5-beta.4
    totaldiscs:                    1
    title:                         Every Little Thing She Does Is Magic
    disc:                          1
    album:                         Every Breath You Take∶ The Classics
    album_artist:                  The Police
    date:                          1995-09-12
    catalognumber:                 31454 0380 2
    label:                         A&M Records
    musicbrainz_albumid:           d14a7546-815b-43c6-8af6-35cff6cee1d0
    artist:                        The Police
    isrc:                          GBAAM0201127
    creation_time:                 2026-08-04T23:44:43
    REPLAYGAIN_TRACK_GAIN:         -4.02 dB
    R128_TRACK_GAIN:               251
    REPLAYGAIN_TRACK_RANGE:        6.44 dB
    REPLAYGAIN_TRACK_PEAK:         1.035161
    REPLAYGAIN_REFERENCE_LOUDNESS: -18.00 LUFS

  Paranoia status counts:
    READ:          1633
    VERIFY:        146
    OVERLAP:       40

  File(s):
    The Police/Every Breath You Take∶ The Classics/07 - Every Little Thing She Does Is Magic.flac

Track 8 ripped and encoded successfully!
Summary:

  Integrated loudness:
    I:         -12.7 LUFS
    Threshold: -23.1 LUFS

  Loudness range:
    LRA:         7.7 LU
    Threshold: -33.1 LUFS
    LRA low:   -18.0 LUFS
    LRA high:  -10.3 LUFS

  Sample peak:
    Peak:       -0.1 dBFS

  True peak:
    Peak:        0.4 dBFS

  Preemphasis:   none detected

  Properties:
    Duration:    03:45.30
    Samples:     9940140
    Frames:      16905
    Sample peak level: 98.9% (-0.1 dBFS)
    True peak level:   0.4 dBFS
    Integrated loudness (R128): -12.7 LUFS
    Loudness range (R128):      7.7 LU (-18.0 to -10.3 LUFS)
    Extraction speed:  1.0x
    Elapsed:            219.10 s
    Pregap LSN:  128672 (duration: 00:01.10)
    Pregap length: 85 frames
    Pregap source: sub-channel (not signalled by TOC)
    Start LSN:   128757 (with offset: 128758)
    End LSN:     145661 (with offset: 145663)

  EAC CRC32:     D723C1B0
  Secure re-read:  not attempted
  Accurip:       disc found in database (max confidence: 200)
    Accurip v1:  8072E4A1 (accurately ripped, confidence 123)
    Accurip v2:  1BF9F320 (accurately ripped, confidence 200)

  Metadata:
    track:                         8
    tracktotal:                    14
    musicbrainz_discid:            pNtImOkdBm9RMBIalzx0w9cfsYY-
    cddb:                          E20DFE0E
    media:                         CD
    comment:                       cyanrip 0.9.4-rc1+platterpus.5-beta.4
    totaldiscs:                    1
    title:                         Invisible Sun
    disc:                          1
    album:                         Every Breath You Take∶ The Classics
    album_artist:                  The Police
    date:                          1995-09-12
    catalognumber:                 31454 0380 2
    label:                         A&M Records
    musicbrainz_albumid:           d14a7546-815b-43c6-8af6-35cff6cee1d0
    artist:                        The Police
    isrc:                          GBAAM0201128
    creation_time:                 2026-08-04T23:48:59
    REPLAYGAIN_TRACK_GAIN:         -5.34 dB
    R128_TRACK_GAIN:               -87
    REPLAYGAIN_TRACK_RANGE:        7.72 dB
    REPLAYGAIN_TRACK_PEAK:         1.045356
    REPLAYGAIN_REFERENCE_LOUDNESS: -18.00 LUFS

  Paranoia status counts:
    READ:          1441
    VERIFY:        140
    OVERLAP:       35

  File(s):
    The Police/Every Breath You Take∶ The Classics/08 - Invisible Sun.flac

Track 9 ripped and encoded successfully!
Summary:

  Integrated loudness:
    I:         -14.7 LUFS
    Threshold: -24.9 LUFS

  Loudness range:
    LRA:         4.7 LU
    Threshold: -34.9 LUFS
    LRA low:   -17.3 LUFS
    LRA high:  -12.6 LUFS

  Sample peak:
    Peak:       -0.1 dBFS

  True peak:
    Peak:        0.3 dBFS

  Preemphasis:   none detected

  Properties:
    Duration:    03:01.00
    Samples:     7982100
    Frames:      13575
    Sample peak level: 98.9% (-0.1 dBFS)
    True peak level:   0.3 dBFS
    Integrated loudness (R128): -14.7 LUFS
    Loudness range (R128):      4.7 LU (-17.3 to -12.6 LUFS)
    Extraction speed:  1.0x
    Elapsed:            173.04 s
    Pregap LSN:  145568 (duration: 00:01.19)
    Pregap length: 94 frames
    Pregap source: sub-channel (not signalled by TOC)
    Start LSN:   145662 (with offset: 145663)
    End LSN:     159236 (with offset: 159238)

  EAC CRC32:     6F6E4A5F
  Secure re-read:  not attempted
  Accurip:       disc found in database (max confidence: 200)
    Accurip v1:  87A19F2A (accurately ripped, confidence 126)
    Accurip v2:  2916AB38 (accurately ripped, confidence 200)

  Metadata:
    track:                         9
    tracktotal:                    14
    musicbrainz_discid:            pNtImOkdBm9RMBIalzx0w9cfsYY-
    cddb:                          E20DFE0E
    media:                         CD
    comment:                       cyanrip 0.9.4-rc1+platterpus.5-beta.4
    totaldiscs:                    1
    title:                         Spirits in the Material World
    disc:                          1
    album:                         Every Breath You Take∶ The Classics
    album_artist:                  The Police
    date:                          1995-09-12
    catalognumber:                 31454 0380 2
    label:                         A&M Records
    musicbrainz_albumid:           d14a7546-815b-43c6-8af6-35cff6cee1d0
    artist:                        The Police
    isrc:                          GBAAM0201126
    creation_time:                 2026-08-04T23:52:38
    REPLAYGAIN_TRACK_GAIN:         -3.26 dB
    R128_TRACK_GAIN:               444
    REPLAYGAIN_TRACK_RANGE:        4.73 dB
    REPLAYGAIN_TRACK_PEAK:         1.033111
    REPLAYGAIN_REFERENCE_LOUDNESS: -18.00 LUFS

  Paranoia status counts:
    READ:          1105
    VERIFY:        71
    OVERLAP:       26

  File(s):
    The Police/Every Breath You Take∶ The Classics/09 - Spirits in the Material World.flac

Track 10 ripped and encoded successfully!
Summary:

  Integrated loudness:
    I:         -14.3 LUFS
    Threshold: -24.6 LUFS

  Loudness range:
    LRA:         4.5 LU
    Threshold: -34.6 LUFS
    LRA low:   -16.2 LUFS
    LRA high:  -11.7 LUFS

  Sample peak:
    Peak:       -0.1 dBFS

  True peak:
    Peak:        0.2 dBFS

  Preemphasis:   none detected

  Properties:
    Duration:    04:14.45
    Samples:     11227860
    Frames:      19095
    Sample peak level: 98.9% (-0.1 dBFS)
    True peak level:   0.2 dBFS
    Integrated loudness (R128): -14.3 LUFS
    Loudness range (R128):      4.5 LU (-16.2 to -11.7 LUFS)
    Extraction speed:  1.1x
    Elapsed:            241.27 s
    Pregap LSN:  159090 (duration: 00:01.72)
    Pregap length: 147 frames
    Pregap source: sub-channel (not signalled by TOC)
    Start LSN:   159237 (with offset: 159238)
    End LSN:     178331 (with offset: 178333)

  EAC CRC32:     3A33519F
  Secure re-read:  not attempted
  Accurip:       disc found in database (max confidence: 200)
    Accurip v1:  D569330E (accurately ripped, confidence 131)
    Accurip v2:  0A992ABA (accurately ripped, confidence 200)

  Metadata:
    track:                         10
    tracktotal:                    14
    musicbrainz_discid:            pNtImOkdBm9RMBIalzx0w9cfsYY-
    cddb:                          E20DFE0E
    media:                         CD
    comment:                       cyanrip 0.9.4-rc1+platterpus.5-beta.4
    totaldiscs:                    1
    title:                         Every Breath You Take
    disc:                          1
    album:                         Every Breath You Take∶ The Classics
    album_artist:                  The Police
    date:                          1995-09-12
    catalognumber:                 31454 0380 2
    label:                         A&M Records
    musicbrainz_albumid:           d14a7546-815b-43c6-8af6-35cff6cee1d0
    artist:                        The Police
    isrc:                          GBAAM0201110
    creation_time:                 2026-08-04T23:55:31
    REPLAYGAIN_TRACK_GAIN:         -3.71 dB
    R128_TRACK_GAIN:               330
    REPLAYGAIN_TRACK_RANGE:        4.49 dB
    REPLAYGAIN_TRACK_PEAK:         1.019781
    REPLAYGAIN_REFERENCE_LOUDNESS: -18.00 LUFS

  Paranoia status counts:
    READ:          1537
    VERIFY:        104
    OVERLAP:       32

  File(s):
    The Police/Every Breath You Take∶ The Classics/10 - Every Breath You Take.flac

Track 11 ripped and encoded successfully!
Summary:

  Integrated loudness:
    I:         -14.7 LUFS
    Threshold: -25.0 LUFS

  Loudness range:
    LRA:        11.2 LU
    Threshold: -35.0 LUFS
    LRA low:   -23.2 LUFS
    LRA high:  -12.0 LUFS

  Sample peak:
    Peak:       -0.1 dBFS

  True peak:
    Peak:        0.5 dBFS

  Preemphasis:   none detected

  Properties:
    Duration:    05:00.30
    Samples:     13247640
    Frames:      22530
    Sample peak level: 98.9% (-0.1 dBFS)
    True peak level:   0.5 dBFS
    Integrated loudness (R128): -14.7 LUFS
    Loudness range (R128):      11.2 LU (-23.2 to -12.0 LUFS)
    Extraction speed:  1.1x
    Elapsed:            284.19 s
    Pregap LSN:  178332 (duration: 00:00.00)
    Pregap length: 0 frames
    Pregap source: sub-channel (not signalled by TOC)
    Start LSN:   178332 (with offset: 178333)
    End LSN:     200861 (with offset: 200863)

  EAC CRC32:     56BFC63D
  Secure re-read:  not attempted
  Accurip:       disc found in database (max confidence: 200)
    Accurip v1:  5261EA1F (accurately ripped, confidence 129)
    Accurip v2:  CC3B6091 (accurately ripped, confidence 200)

  Metadata:
    track:                         11
    tracktotal:                    14
    musicbrainz_discid:            pNtImOkdBm9RMBIalzx0w9cfsYY-
    cddb:                          E20DFE0E
    media:                         CD
    comment:                       cyanrip 0.9.4-rc1+platterpus.5-beta.4
    totaldiscs:                    1
    title:                         King of Pain
    disc:                          1
    album:                         Every Breath You Take∶ The Classics
    album_artist:                  The Police
    date:                          1995-09-12
    catalognumber:                 31454 0380 2
    label:                         A&M Records
    musicbrainz_albumid:           d14a7546-815b-43c6-8af6-35cff6cee1d0
    artist:                        The Police
    isrc:                          GBAAM0201111
    creation_time:                 2026-08-04T23:59:32
    REPLAYGAIN_TRACK_GAIN:         -3.32 dB
    R128_TRACK_GAIN:               429
    REPLAYGAIN_TRACK_RANGE:        11.19 dB
    REPLAYGAIN_TRACK_PEAK:         1.053705
    REPLAYGAIN_REFERENCE_LOUDNESS: -18.00 LUFS

  Paranoia status counts:
    READ:          1873
    VERIFY:        150
    OVERLAP:       42

  File(s):
    The Police/Every Breath You Take∶ The Classics/11 - King of Pain.flac

Track 12 ripped and encoded successfully!
Summary:

  Integrated loudness:
    I:         -16.7 LUFS
    Threshold: -27.2 LUFS

  Loudness range:
    LRA:         9.0 LU
    Threshold: -37.1 LUFS
    LRA low:   -21.8 LUFS
    LRA high:  -12.8 LUFS

  Sample peak:
    Peak:       -0.1 dBFS

  True peak:
    Peak:        0.3 dBFS

  Preemphasis:   none detected

  Properties:
    Duration:    05:15.23
    Samples:     13905024
    Frames:      23648
    Sample peak level: 98.9% (-0.1 dBFS)
    True peak level:   0.3 dBFS
    Integrated loudness (R128): -16.7 LUFS
    Loudness range (R128):      9.0 LU (-21.8 to -12.8 LUFS)
    Extraction speed:  1.1x
    Elapsed:            293.39 s
    Pregap LSN:  200862 (duration: 00:00.00)
    Pregap length: 0 frames
    Pregap source: sub-channel (not signalled by TOC)
    Start LSN:   200862 (with offset: 200863)
    End LSN:     224509 (with offset: 224511)

  EAC CRC32:     D78CEAEF
  Secure re-read:  not attempted
  Accurip:       disc found in database (max confidence: 200)
    Accurip v1:  C09D4787 (accurately ripped, confidence 127)
    Accurip v2:  FDA33730 (accurately ripped, confidence 200)

  Metadata:
    track:                         12
    tracktotal:                    14
    musicbrainz_discid:            pNtImOkdBm9RMBIalzx0w9cfsYY-
    cddb:                          E20DFE0E
    media:                         CD
    comment:                       cyanrip 0.9.4-rc1+platterpus.5-beta.4
    totaldiscs:                    1
    title:                         Wrapped Around Your Finger
    disc:                          1
    album:                         Every Breath You Take∶ The Classics
    album_artist:                  The Police
    date:                          1995-09-12
    catalognumber:                 31454 0380 2
    label:                         A&M Records
    musicbrainz_albumid:           d14a7546-815b-43c6-8af6-35cff6cee1d0
    artist:                        The Police
    isrc:                          GBAAM0201112
    creation_time:                 2026-08-05T00:04:16
    REPLAYGAIN_TRACK_GAIN:         -1.30 dB
    R128_TRACK_GAIN:               946
    REPLAYGAIN_TRACK_RANGE:        9.00 dB
    REPLAYGAIN_TRACK_PEAK:         1.030028
    REPLAYGAIN_REFERENCE_LOUDNESS: -18.00 LUFS

  Paranoia status counts:
    READ:          1873
    VERIFY:        119
    OVERLAP:       38

  File(s):
    The Police/Every Breath You Take∶ The Classics/12 - Wrapped Around Your Finger.flac

Track 13 ripped and encoded successfully!
Summary:

  Integrated loudness:
    I:         -13.1 LUFS
    Threshold: -23.3 LUFS

  Loudness range:
    LRA:         5.6 LU
    Threshold: -33.3 LUFS
    LRA low:   -16.2 LUFS
    LRA high:  -10.6 LUFS

  Sample peak:
    Peak:       -0.1 dBFS

  True peak:
    Peak:        0.4 dBFS

  Preemphasis:   none detected

  Properties:
    Duration:    04:53.42
    Samples:     12945996
    Frames:      22017
    Sample peak level: 98.9% (-0.1 dBFS)
    True peak level:   0.4 dBFS
    Integrated loudness (R128): -13.1 LUFS
    Loudness range (R128):      5.6 LU (-16.2 to -10.6 LUFS)
    Extraction speed:  1.1x
    Elapsed:            273.35 s
    Pregap LSN:  224420 (duration: 00:01.15)
    Pregap length: 90 frames
    Pregap source: sub-channel (not signalled by TOC)
    Start LSN:   224510 (with offset: 224511)
    End LSN:     246526 (with offset: 246528)

  EAC CRC32:     DA6A4DAF
  Secure re-read:  not attempted
  Accurip:       disc found in database (max confidence: 200)
    Accurip v1:  FD6FBEB2 (accurately ripped, confidence 122)
    Accurip v2:  4FDBEAA8 (accurately ripped, confidence 200)

  Metadata:
    track:                         13
    tracktotal:                    14
    musicbrainz_discid:            pNtImOkdBm9RMBIalzx0w9cfsYY-
    cddb:                          E20DFE0E
    media:                         CD
    comment:                       cyanrip 0.9.4-rc1+platterpus.5-beta.4
    totaldiscs:                    1
    title:                         Don’t Stand So Close to Me ’86
    disc:                          1
    album:                         Every Breath You Take∶ The Classics
    album_artist:                  The Police
    date:                          1995-09-12
    catalognumber:                 31454 0380 2
    label:                         A&M Records
    musicbrainz_albumid:           d14a7546-815b-43c6-8af6-35cff6cee1d0
    artist:                        The Police
    isrc:                          GBAAM0201252
    creation_time:                 2026-08-05T00:09:10
    REPLAYGAIN_TRACK_GAIN:         -4.87 dB
    R128_TRACK_GAIN:               33
    REPLAYGAIN_TRACK_RANGE:        5.56 dB
    REPLAYGAIN_TRACK_PEAK:         1.042388
    REPLAYGAIN_REFERENCE_LOUDNESS: -18.00 LUFS

  Paranoia status counts:
    READ:          1825
    VERIFY:        114
    OVERLAP:       37

  File(s):
    The Police/Every Breath You Take∶ The Classics/13 - Don’t Stand So Close to Me ’86.flac

Track 14 ripped and encoded successfully!
Summary:

  Integrated loudness:
    I:         -12.4 LUFS
    Threshold: -22.7 LUFS

  Loudness range:
    LRA:         3.4 LU
    Threshold: -32.7 LUFS
    LRA low:   -14.2 LUFS
    LRA high:  -10.8 LUFS

  Sample peak:
    Peak:       -0.3 dBFS

  True peak:
    Peak:        0.8 dBFS

  Preemphasis:   none detected

  Properties:
    Duration:    04:55.55
    Samples:     13041840
    Frames:      22180
    Sample peak level: 96.6% (-0.3 dBFS)
    True peak level:   0.8 dBFS
    Integrated loudness (R128): -12.4 LUFS
    Loudness range (R128):      3.4 LU (-14.2 to -10.8 LUFS)
    Extraction speed:  1.1x
    Elapsed:            270.78 s
    Pregap LSN:  246410 (duration: 00:01.42)
    Pregap length: 117 frames
    Pregap source: sub-channel (not signalled by TOC)
    Start LSN:   246527 (with offset: 246528)
    End LSN:     268706
    Appended:    2 frames of silence

  EAC CRC32:     787BA2D6
  Secure re-read:  not attempted
  Accurip:       disc found in database (max confidence: 200)
    Accurip v1:  3B2FCF8E (accurately ripped, confidence 117)
    Accurip v2:  A5AB0AE9 (accurately ripped, confidence 200)

  Metadata:
    track:                         14
    tracktotal:                    14
    musicbrainz_discid:            pNtImOkdBm9RMBIalzx0w9cfsYY-
    cddb:                          E20DFE0E
    media:                         CD
    comment:                       cyanrip 0.9.4-rc1+platterpus.5-beta.4
    totaldiscs:                    1
    title:                         Message in a Bottle (new classic rock mix)
    disc:                          1
    album:                         Every Breath You Take∶ The Classics
    album_artist:                  The Police
    date:                          1995-09-12
    catalognumber:                 31454 0380 2
    label:                         A&M Records
    musicbrainz_albumid:           d14a7546-815b-43c6-8af6-35cff6cee1d0
    artist:                        The Police
    isrc:                          GBAAM0201253
    creation_time:                 2026-08-05T00:13:43
    REPLAYGAIN_TRACK_GAIN:         -5.56 dB
    R128_TRACK_GAIN:               -143
    REPLAYGAIN_TRACK_RANGE:        3.42 dB
    REPLAYGAIN_TRACK_PEAK:         1.097464
    REPLAYGAIN_REFERENCE_LOUDNESS: -18.00 LUFS

  Paranoia status counts:
    READ:          1737
    VERIFY:        111
    OVERLAP:       36

  File(s):
    The Police/Every Breath You Take∶ The Classics/14 - Message in a Bottle (new classic rock mix).flac

Album Loudness Summary:

  Integrated loudness:
    I:         -13.9 LUFS
    Threshold: -24.2 LUFS

  Loudness range:
    LRA:         8.9 LU
    Threshold: -34.3 LUFS
    LRA low:   -19.9 LUFS
    LRA high:  -11.0 LUFS

  Sample peak:
    Peak:       -0.1 dBFS

  True peak:
    Peak:        0.8 dBFS

Tracks ripped accurately: 12/14
Tracks ripped partially accurately: 2/14

Paranoia status counts:
  READ:          22055
  VERIFY:        1610
  FIXUP_ATOM:    24
  OVERLAP:       468

Ripping errors: 0
Read stalls:    none (no read exceeded 10s)
Rip completed:  yes (14 of 14 tracks)
Ripping finished at 2026-08-05T00:18:14
Log FUN512: Nlva8J.I.ixxwdcSRjhY1qV_Da520HnsFjL_PIBeipy4Jlt5MMjdAoF_wbZFHInfzRvnZ53Kn1dveJQmQx9GkA
