cyanrip 0.9.4-rc2+platterpus.21 (platterpus-fork-gca3f3ea)
Invoked as:     /usr/local/bin/cyanrip -d /dev/sr0 -s 667 -o flac -T unicode -r 5 -l 1,2 -N --consumer platterpus/0.6.66 -c 1/1 -a "album=full acceptance\: angle<bracket 20261007t033944 platterpus-fork-gca3f3ea:album_artist=Platterpus Acceptance:date=2003:musicbrainz_albumid=65282302-368b-4ba2-953a-483bcdef2410" -t "1=title=E\=MC2\: Rock \'n\' Roll \\ Part 2:artist=Platterpus Acceptance:isrc=GBAAM0201086" -t "2=title=Can’t Stand Losing You:artist=Platterpus Acceptance:isrc=GBAAM0201089" -t "3=title=Message in a Bottle:artist=Platterpus Acceptance:isrc=GBAAM0201170" -t "4=title=Walking on the Moon:artist=Platterpus Acceptance:isrc=GBAAM0201175" -t "5=title=Don’t Stand So Close to Me:artist=Platterpus Acceptance:isrc=GBAAM0201148" -t "6=title=De Do Do Do, De Da Da Da:artist=Platterpus Acceptance:isrc=GBAAM0201154" -t "7=title=Every Little Thing She Does Is Magic:artist=Platterpus Acceptance:isrc=GBAAM0201127" -t "8=title=Invisible Sun:artist=Platterpus Acceptance:isrc=GBAAM0201128" -t "9=title=Spirits in the Material World:artist=Platterpus Acceptance:isrc=GBAAM0201126" -t "10=title=Every Breath You Take:artist=Platterpus Acceptance:isrc=GBAAM0201110" -t "11=title=King of Pain:artist=Platterpus Acceptance:isrc=GBAAM0201111" -t "12=title=Wrapped Around Your Finger:artist=Platterpus Acceptance:isrc=GBAAM0201112" -t "13=title=Don’t Stand So Close to Me ’86:artist=Platterpus Acceptance:isrc=GBAAM0201252" -t "14=title=Message in a Bottle (new classic rock mix):artist=Platterpus Acceptance:isrc=GBAAM0201253" -D "{album_artist}/{album} (2)" -F "{track} - {title}" -G -U -j cyanrip-diagnostics-20261007T050519Z.json
Handshake:      round 30 lap 17 closed, verdict GO -- released build
                (declared at build time, not verified by cyanrip)
Consumer:       platterpus/0.6.66
                (reported by the caller, not verified by cyanrip)
Drive used:     PIONEER  BD-RW   BDR-209D (revision 1.51)
System device:  /dev/sr0
Device model:   PIONEER  BD-RW   BDR-209D 1.51 SCSI CD-ROM
Offset:         +667 samples
Overread:       +2 frames
Overread mode:  fill with silence in lead-in/lead-out
Speed:          default (unchangeable)
C2 errors:      unsupported by drive
CD-TEXT:        none reported by libcdio (absent, or unreadable by this driver)
Encoder:        libavformat 62.12.102, libavcodec 62.28.102 (8.1.2)
Paranoia level: max
Retry limit:    5 (per frame, and per whole-track re-read)
Cache model:    1200 sectors (drive cache size not probed)
HDCD decoding:  disabled
Album Art:      none
Outputs:        flac
Disc number:    1
Total discs:    1
Disc tracks:    14
Tracks to rip:  1, 2
DiscID:         pNtImOkdBm9RMBIalzx0w9cfsYY-
Release ID:     65282302-368b-4ba2-953a-483bcdef2410
CDDB ID:        E20DFE0E
Album:          full acceptance: angle<bracket 20261007t033944 platterpus-fork-gca3f3ea
Album artist:   Platterpus Acceptance
AccurateRip:    found
Total time:     59:42.57

--- output before this log was opened ---
Checking /dev/sr0 for cdrom...
		CDROM sensed: PIONEER  BD-RW   BDR-209D 1.51 SCSI CD-ROM


Opening drive...
--- end of pre-log output ---
Gaps:
    160 frame pregap in track 2, merging into track 1
    158 frame pregap in track 4, merging into track 3
    115 frame pregap in track 5, merging into track 4
    105 frame pregap in track 7, merging into track 6
    85 frame pregap in track 8, merging into track 7
    95 frame pregap in track 9, merging into track 8
    147 frame pregap in track 10, merging into track 9
    90 frame pregap in track 13, merging into track 12
    117 frame pregap in track 14, merging into track 13

Tracks:
Track 1 read successfully!
Summary:

  Integrated loudness:
    I:         -13.9 LUFS
    Threshold: -24.3 LUFS

  Loudness range:
    LRA:         6.5 LU
    Threshold: -34.3 LUFS
    LRA low:   -18.3 LUFS
    LRA high:  -11.7 LUFS

  Sample peak:
    Peak:       -0.5 dBFS

  True peak:
    Peak:        0.3 dBFS

  Preemphasis:   none detected

  Properties:
    Duration:    03:13.12
    Samples:     8518356
    Frames:      14487
    Sample peak level: 94.3% (-0.5 dBFS)
    True peak level:   0.3 dBFS
    Integrated loudness (R128): -13.9 LUFS
    Loudness range (R128):      6.5 LU (-18.3 to -11.7 LUFS)
    Extraction speed:  1.1x
    Elapsed:            178.46 s
    Pregap LSN:  0 (duration: 00:02.00)
    Pregap length: 150 frames
    Pregap source: lead-in
    Start LSN:   0 (with offset: 1)
    End LSN:     14486 (with offset: 14488)

  EAC CRC32:     B0D122E7
  Secure re-read:  not attempted
  Accurip:       disc found in database (max confidence: 200)
    Accurip v1:  5D3C90CB (accurately ripped, confidence 129)
    Accurip v2:  22B9924D (accurately ripped, confidence 200)

  Metadata:
    TRACK:                         1
    TRACKTOTAL:                    14
    MUSICBRAINZ_DISCID:            pNtImOkdBm9RMBIalzx0w9cfsYY-
    CDDB:                          E20DFE0E
    MEDIA:                         CD
    COMMENT:                       cyanrip 0.9.4-rc2+platterpus.21
    TOTALDISCS:                    1
    TITLE:                         E=MC2: Rock 'n' Roll \ Part 2
    DISC:                          1
    ALBUM:                         full acceptance: angle<bracket 20261007t033944 platterpus-fork-gca3f3ea
    ALBUM_ARTIST:                  Platterpus Acceptance
    DATE:                          2003
    MUSICBRAINZ_ALBUMID:           65282302-368b-4ba2-953a-483bcdef2410
    ARTIST:                        Platterpus Acceptance
    ISRC:                          GBAAM0201086
    CREATION_TIME:                 2026-10-07T01:05:25-04:00
    REPLAYGAIN_TRACK_GAIN:         -4.10 dB
    R128_TRACK_GAIN:               229
    REPLAYGAIN_TRACK_RANGE:        6.54 dB
    REPLAYGAIN_TRACK_PEAK:         1.029445
    REPLAYGAIN_REFERENCE_LOUDNESS: -18.00 LUFS
    DISCTOTAL:                     1

  Paranoia status counts:
    READ:          1250
    VERIFY:        85
    OVERLAP:       17

  File(s):
    Platterpus Acceptance/full acceptance∶ angle‹bracket 20261007t033944 platterpus-fork-gca3f3ea (2)/01 - E=MC2∶ Rock 'n' Roll ⧹ Part 2.flac

Track 2 read successfully!
Summary:

  Integrated loudness:
    I:         -13.1 LUFS
    Threshold: -23.3 LUFS

  Loudness range:
    LRA:         6.1 LU
    Threshold: -33.3 LUFS
    LRA low:   -17.2 LUFS
    LRA high:  -11.1 LUFS

  Sample peak:
    Peak:       -0.5 dBFS

  True peak:
    Peak:        0.1 dBFS

  Preemphasis:   none detected

  Properties:
    Duration:    03:01.05
    Samples:     7985040
    Frames:      13580
    Sample peak level: 94.3% (-0.5 dBFS)
    True peak level:   0.1 dBFS
    Integrated loudness (R128): -13.1 LUFS
    Loudness range (R128):      6.1 LU (-17.2 to -11.1 LUFS)
    Extraction speed:  1.2x
    Elapsed:            156.56 s
    Pregap LSN:  14327 (duration: 00:02.10)
    Pregap length: 160 frames
    Pregap source: sub-channel (not signalled by TOC)
    Start LSN:   14487 (with offset: 14488)
    End LSN:     28066 (with offset: 28068)

  EAC CRC32:     985AAE32
  Secure re-read:  not attempted
  Accurip:       disc found in database (max confidence: 200)
    Accurip v1:  A3019EB3 (accurately ripped, confidence 131)
    Accurip v2:  31C28378 (accurately ripped, confidence 200)

  Metadata:
    TRACK:                         2
    TRACKTOTAL:                    14
    MUSICBRAINZ_DISCID:            pNtImOkdBm9RMBIalzx0w9cfsYY-
    CDDB:                          E20DFE0E
    MEDIA:                         CD
    COMMENT:                       cyanrip 0.9.4-rc2+platterpus.21
    TOTALDISCS:                    1
    TITLE:                         Can’t Stand Losing You
    DISC:                          1
    ALBUM:                         full acceptance: angle<bracket 20261007t033944 platterpus-fork-gca3f3ea
    ALBUM_ARTIST:                  Platterpus Acceptance
    DATE:                          2003
    MUSICBRAINZ_ALBUMID:           65282302-368b-4ba2-953a-483bcdef2410
    ARTIST:                        Platterpus Acceptance
    ISRC:                          GBAAM0201089
    CREATION_TIME:                 2026-10-07T01:08:23-04:00
    REPLAYGAIN_TRACK_GAIN:         -4.88 dB
    R128_TRACK_GAIN:               32
    REPLAYGAIN_TRACK_RANGE:        6.07 dB
    REPLAYGAIN_TRACK_PEAK:         1.008499
    REPLAYGAIN_REFERENCE_LOUDNESS: -18.00 LUFS
    DISCTOTAL:                     1

  Paranoia status counts:
    READ:          1105
    VERIFY:        71
    OVERLAP:       22

  File(s):
    Platterpus Acceptance/full acceptance∶ angle‹bracket 20261007t033944 platterpus-fork-gca3f3ea (2)/02 - Can’t Stand Losing You.flac

Album Loudness Summary:

  Integrated loudness:
    I:         -13.5 LUFS
    Threshold: -23.8 LUFS

  Loudness range:
    LRA:         6.6 LU
    Threshold: -33.8 LUFS
    LRA low:   -17.8 LUFS
    LRA high:  -11.3 LUFS

  Sample peak:
    Peak:       -0.5 dBFS

  True peak:
    Peak:        0.3 dBFS

Album integrated loudness (R128): -13.5 LUFS
Album loudness range (R128):      6.6 LU (-17.8 to -11.3 LUFS)
Album sample peak level:          -0.5 dBFS
Album true peak level:            0.3 dBFS
Tracks ripped accurately: 2/14

Paranoia status counts:
  READ:          2355
  VERIFY:        156
  OVERLAP:       39

Ripping errors: 0
Encoder errors: none; 2 tracks encoded
Read stalls:    none (no read exceeded 10s)
Rip completed:  yes (2 of 14 tracks)
Ripping finished at 2026-10-07T01:11:00-04:00
Log FUN512: ZgL.G2zHFmGAiwgUQYSZabGjSAt2SDS3eIs9XSbvhuKrKG9KYre8VWiATG1I.3vyUzy8jN0I32oj7qRd6C.1Jg
