cyanrip 0.9.4-rc2+platterpus.20 (platterpus-fork-g5704062)
Invoked as:     /usr/local/bin/cyanrip -N -s 667 -l 1 -H -E -D r16deemphon
Handshake:      round 30 lap 11 OPEN, verdict OPEN -- NOT a released build
Consumer:       not identified (no --consumer given)
Drive used:     PIONEER  BD-RW   BDR-209D (revision 1.51)
System device:  /dev/cdrom
Device model:   PIONEER  BD-RW   BDR-209D 1.51 SCSI CD-ROM
Offset:         +667 samples
Overread:       +2 frames
Overread mode:  fill with silence in lead-in/lead-out
Speed:          default (unchangeable)
C2 errors:      unsupported by drive
CD-TEXT:        none reported by libcdio (absent, or unreadable by this driver)
Encoder:        libavformat 62.12.102, libavcodec 62.28.102 (8.1.2)
Paranoia level: max
Retry limit:    10 (per frame, and per whole-track re-read)
Cache model:    1200 sectors (drive cache size not probed)
HDCD decoding:  enabled
Album Art:      none
Outputs:        flac
Disc tracks:    14
Tracks to rip:  1
DiscID:         pNtImOkdBm9RMBIalzx0w9cfsYY-
CDDB ID:        E20DFE0E
Album:          Unknown disc (PNTI)
AccurateRip:    found
Total time:     59:42.57

--- output before this log was opened ---
Checking /dev/cdrom for cdrom...
		CDROM sensed: PIONEER  BD-RW   BDR-209D 1.51 SCSI CD-ROM


Opening drive...
No MusicBrainz release ID at cover art lookup, cannot search Cover Art DB!
--- end of pre-log output ---
Gaps:
    160 frame pregap in track 2, merging into track 1
    158 frame pregap in track 4, merging into track 3
    115 frame pregap in track 5, merging into track 4
    105 frame pregap in track 7, merging into track 6
    85 frame pregap in track 8, merging into track 7
    94 frame pregap in track 9, merging into track 8
    147 frame pregap in track 10, merging into track 9
    90 frame pregap in track 13, merging into track 12
    117 frame pregap in track 14, merging into track 13

Tracks:
Track 1 read successfully!
Summary:

  Integrated loudness:
    I:         -20.7 LUFS
    Threshold: -31.1 LUFS

  Loudness range:
    LRA:         7.4 LU
    Threshold: -41.1 LUFS
    LRA low:   -25.8 LUFS
    LRA high:  -18.5 LUFS

  Sample peak:
    Peak:       -6.3 dBFS

  True peak:
    Peak:       -6.3 dBFS

  HDCD detected: no
  Preemphasis:   none detected (deemphasis forced)

  Properties:
    Duration:    03:13.12
    Samples:     8518356
    Frames:      14487
    Sample peak level: 48.2% (-6.3 dBFS)
    True peak level:   -6.3 dBFS
    Integrated loudness (R128): -20.7 LUFS
    Loudness range (R128):      7.4 LU (-25.8 to -18.5 LUFS)
    Extraction speed:  1.1x
    Elapsed:            171.43 s
    Pregap LSN:  0 (duration: 00:02.00)
    Pregap length: 150 frames
    Pregap source: lead-in
    Start LSN:   0 (with offset: 1)
    End LSN:     14486 (with offset: 14488)

  EAC CRC32:     B0D122E7
  Secure re-read:  not attempted
  Accurip:       disc found in database (max confidence: 200)
    Accurip v1:  5D3C90CB (accurately ripped, confidence 129)
    Accurip v2:  22B9924D (accurately ripped, confidence 200)

  Metadata:
    TRACK:                         1
    TRACKTOTAL:                    14
    MUSICBRAINZ_DISCID:            pNtImOkdBm9RMBIalzx0w9cfsYY-
    CDDB:                          E20DFE0E
    MEDIA:                         CD
    COMMENT:                       cyanrip 0.9.4-rc2+platterpus.20
    ALBUM:                         Unknown disc (PNTI)
    TITLE:                         Unknown track
    CREATION_TIME:                 2026-10-06T03:25:51-04:00
    REPLAYGAIN_TRACK_GAIN:         2.70 dB
    R128_TRACK_GAIN:               1971
    REPLAYGAIN_TRACK_RANGE:        7.38 dB
    REPLAYGAIN_TRACK_PEAK:         0.482293
    REPLAYGAIN_REFERENCE_LOUDNESS: -18.00 LUFS

  Paranoia status counts:
    READ:          1250
    VERIFY:        85
    OVERLAP:       17

  File(s):
    r16deemphon/01 - Unknown track.flac

Album Loudness Summary:

  Integrated loudness:
    I:         -20.7 LUFS
    Threshold: -31.1 LUFS

  Loudness range:
    LRA:         7.4 LU
    Threshold: -41.1 LUFS
    LRA low:   -25.8 LUFS
    LRA high:  -18.5 LUFS

  Sample peak:
    Peak:       -6.3 dBFS

  True peak:
    Peak:       -6.3 dBFS

Album integrated loudness (R128): -20.7 LUFS
Album loudness range (R128):      7.4 LU (-25.8 to -18.5 LUFS)
Album sample peak level:          -6.3 dBFS
Album true peak level:            -6.3 dBFS
Tracks ripped accurately: 1/14

Paranoia status counts:
  READ:          1250
  VERIFY:        85
  OVERLAP:       17

Ripping errors: 0
Encoder errors: none; 1 track encoded
Read stalls:    none (no read exceeded 10s)
Rip completed:  yes (1 of 14 tracks)
Ripping finished at 2026-10-06T03:28:43-04:00
Log FUN512: CQuOHxTevn3XsD3f_fW1.Ld6g.4inWhtC1O8r6v8ofnxRrKx6M9KwqDipUNdUPaoPE_2HfkhTp36gab4ObOamg
